Microchip Technology Inc, vv3_30 (B) `

Tool Name:
  c:\microchip\mplab_c30\bin\bin\..\bin/pic30-coff-ld.exe

Command:
  -p30F3013 \
  -oPMU_Sensor.cof \
  -Lc:/microchip/mplab_c30/bin/bin/.. \
  -Lc:/microchip/mplab_c30/bin/bin/../../lib \
  -Lc:/microchip/mplab_c30/bin/bin/../../lib/PIC24E \
  -Lc:/microchip/mplab_c30/bin/bin/../../support/PIC24E/gld \
  -Lc:/microchip/mplab_c30/bin/bin/../../lib/PIC24F \
  -Lc:/microchip/mplab_c30/bin/bin/../../support/PIC24F/gld \
  -Lc:/microchip/mplab_c30/bin/bin/../../lib/PIC24H \
  -Lc:/microchip/mplab_c30/bin/bin/../../support/PIC24H/gld \
  -Lc:/microchip/mplab_c30/bin/bin/../../lib/dsPIC30F \
  -Lc:/microchip/mplab_c30/bin/bin/../../support/dsPIC30F/gld \
  -Lc:/microchip/mplab_c30/bin/bin/../../lib/dsPIC33E \
  -Lc:/microchip/mplab_c30/bin/bin/../../support/dsPIC33E/gld \
  -Lc:/microchip/mplab_c30/bin/bin/../../lib/dsPIC33F \
  -Lc:/microchip/mplab_c30/bin/bin/../../support/dsPIC33F/gld \
  main.o \
  RS232.o \
  -Tp30f3013.gld.00 \
  --defsym=__MPLAB_BUILD=1 \
  -Map=PMU_Sensor.map \
  --report-mem \
  -start-group \
  --library=pic30-coff \
  --library=m-coff \
  --library=c-coff \
  -end-group \

Archive member included because of file (symbol)

c:/microchip/mplab_c30/bin/bin/../../lib\libpic30-coff.a(crt0_standard.o)
                              (_resetPRI)
c:/microchip/mplab_c30/bin/bin/../../lib\libpic30-coff.a(memcpy_helper.o)
                              main.o (_memcpy_helper)
c:/microchip/mplab_c30/bin/bin/../../lib\libpic30-coff.a(eedata_helper.o)
                              main.o (_eedata_helper1)
c:/microchip/mplab_c30/bin/bin/../../lib\libpic30-coff.a(data_init_standard.o)
                              c:/microchip/mplab_c30/bin/bin/../../lib\libpic30-coff.a(crt0_standard.o) (_data_init_standard)
c:/microchip/mplab_c30/bin/bin/../../lib\libm-coff.a(floatsisf.o)
                              main.o (__floatsisf)
c:/microchip/mplab_c30/bin/bin/../../lib\libm-coff.a(addsf3.o)
                              main.o (__subsf3)
c:/microchip/mplab_c30/bin/bin/../../lib\libm-coff.a(mulsf3.o)
                              main.o (__mulsf3)
c:/microchip/mplab_c30/bin/bin/../../lib\libm-coff.a(divsf3.o)
                              main.o (__divsf3)
c:/microchip/mplab_c30/bin/bin/../../lib\libm-coff.a(fixsfsi.o)
                              main.o (__fixsfsi)
c:/microchip/mplab_c30/bin/bin/../../lib\libm-coff.a(sinf.o)
                              main.o (sinf)
c:/microchip/mplab_c30/bin/bin/../../lib\libm-coff.a(fgtge.o)
                              main.o (__gtsf2)
c:/microchip/mplab_c30/bin/bin/../../lib\libm-coff.a(fixunssfsi.o)
                              main.o (__fixunssfsi)
c:/microchip/mplab_c30/bin/bin/../../lib\libm-coff.a(fpack.o)
                              c:/microchip/mplab_c30/bin/bin/../../lib\libm-coff.a(floatsisf.o) (_fpack)
c:/microchip/mplab_c30/bin/bin/../../lib\libm-coff.a(funpack2.o)
                              c:/microchip/mplab_c30/bin/bin/../../lib\libm-coff.a(addsf3.o) (_funpack2)
c:/microchip/mplab_c30/bin/bin/../../lib\libm-coff.a(futil.o)
                              c:/microchip/mplab_c30/bin/bin/../../lib\libm-coff.a(addsf3.o) (_fPropagateNaN)
c:/microchip/mplab_c30/bin/bin/../../lib\libm-coff.a(funpack.o)
                              c:/microchip/mplab_c30/bin/bin/../../lib\libm-coff.a(fixsfsi.o) (_funpack)
c:/microchip/mplab_c30/bin/bin/../../lib\libm-coff.a(sincosf.o)
                              c:/microchip/mplab_c30/bin/bin/../../lib\libm-coff.a(sinf.o) (_sincosf)
c:/microchip/mplab_c30/bin/bin/../../lib\libm-coff.a(fcompare.o)
                              c:/microchip/mplab_c30/bin/bin/../../lib\libm-coff.a(fgtge.o) (_fcompare)
c:/microchip/mplab_c30/bin/bin/../../lib\libm-coff.a(errno.o)
                              c:/microchip/mplab_c30/bin/bin/../../lib\libm-coff.a(sincosf.o) (errno)
c:/microchip/mplab_c30/bin/bin/../../lib\libm-coff.a(feqltle.o)
                              c:/microchip/mplab_c30/bin/bin/../../lib\libm-coff.a(sincosf.o) (__ltsf2)
c:/microchip/mplab_c30/bin/bin/../../lib\libm-coff.a(fmodf.o)
                              c:/microchip/mplab_c30/bin/bin/../../lib\libm-coff.a(sincosf.o) (fmodf)
c:/microchip/mplab_c30/bin/bin/../../lib\libm-coff.a(fmodrem.o)
                              c:/microchip/mplab_c30/bin/bin/../../lib\libm-coff.a(fmodf.o) (_fmodrem)
c:/microchip/mplab_c30/bin/bin/../../lib\libc-coff.a(memset.XXo)
                              main.o (memset)
c:/microchip/mplab_c30/bin/bin/../../lib\libc-coff.a(strcat.XXo)
                              main.o (strcat)
c:/microchip/mplab_c30/bin/bin/../../lib\libc-coff.a(ltoa.XXo)
                              main.o (ltoa)
c:/microchip/mplab_c30/bin/bin/../../lib\libc-coff.a(strlen.XXo)
                              main.o (strlen)
c:/microchip/mplab_c30/bin/bin/../../lib\libc-coff.a(strncmp.XXo)
                              main.o (strncmp)
c:/microchip/mplab_c30/bin/bin/../../lib\libc-coff.a(atoi.XXo)
                              main.o (atoi)
c:/microchip/mplab_c30/bin/bin/../../lib\libc-coff.a(mktime.XXo)
                              main.o (mktime)
c:/microchip/mplab_c30/bin/bin/../../lib\libc-coff.a(strncat.XXo)
                              main.o (strncat)
c:/microchip/mplab_c30/bin/bin/../../lib\libm-coff.a(udivsi3.o)
                              c:/microchip/mplab_c30/bin/bin/../../lib\libc-coff.a(ltoa.XXo) (__udivsi3)
c:/microchip/mplab_c30/bin/bin/../../lib\libm-coff.a(umodsi3.o)
                              c:/microchip/mplab_c30/bin/bin/../../lib\libc-coff.a(ltoa.XXo) (__umodsi3)
c:/microchip/mplab_c30/bin/bin/../../lib\libm-coff.a(modsi3.o)
                              c:/microchip/mplab_c30/bin/bin/../../lib\libc-coff.a(mktime.XXo) (__modsi3)
c:/microchip/mplab_c30/bin/bin/../../lib\libm-coff.a(mulsi3.o)
                              c:/microchip/mplab_c30/bin/bin/../../lib\libc-coff.a(mktime.XXo) (__mulsi3)


Selected CodeGuard Options:
  FGS:GWRP:GWRP_OFF
  FGS:GCP:CODE_PROT_OFF

CodeGuard FLASH Memory:
  boot    (none)
  secure  (none)
  general 0x100 to 0x3ffe

CodeGuard RAM Memory:
  general 0x800 to 0xfff
  secure  (none)
  boot    (none)

CodeGuard EEPROM Memory:
  general 0x7ffc00 to 0x7fffff
  secure  (none)
  boot    (none)


Program Memory  [Origin = 0x100, Length = 0x3f00]

section                    address   length (PC units)   length (bytes) (dec)
-------                    -------   -----------------   --------------------
.text                        0x100               0x868           0xc9c  (3228)
.const                       0x968               0x104           0x186  (390)
.text                        0xa6c              0x33f2          0x4deb  (19947)
.dinit                      0x3e5e                0x9c            0xea  (234)
.isr                        0x3efa                 0x4             0x6  (6)

                     Total program memory used (bytes):         0x5cfd  (23805) 98%


Data EEPROM Memory  [Origin = 0x7ffc00, Length = 0x400]

section                    address   length (PC units)   length (bytes) (dec)
-------                    -------   -----------------   --------------------
_0348370051923d59         0x7ffc00               0x400           0x400  (1024)

                        Total data EEPROM used (bytes):          0x400  (1024) 100%


Data Memory  [Origin = 0x800, Length = 0x800]

section                    address      alignment gaps    total length  (dec)
-------                    -------      --------------    -------------------
.nbss                        0x800                   0           0x136  (310)
.ndata                       0x936                   0            0xae  (174)
.nbss                        0x9e4                   0            0x10  (16)
.ndata                       0x9f4                   0             0xc  (12)
.nbss                        0xa00                   0             0x2  (2)

                        Total data memory used (bytes):          0x202  (514) 25%


Dynamic Memory Usage

region                     address                      maximum length  (dec)
------                     -------                      ---------------------
heap                             0                                   0  (0)
stack                        0xa02                               0x5fe  (1534)

                        Maximum dynamic memory (bytes):          0x5fe  (1534)


External Symbols in Data Memory (by address):

                    0x0800                  _GPS_Info
                    0x0850                  _GPS_Input
                    0x08a0                  _GPS_tm
                    0x08b2                  _ACfg0
                    0x08d2                  _ACfg1
                    0x08f2                  _PmuCfg2
                    0x0912                  _E
                    0x091a                  _T
                    0x0922                  _M
                    0x0926                  _IC2Data
                    0x092e                  _IC1Data
                    0x0936                  _THIS_VER
                    0x0938                  _SERIAL_NBR
                    0x093a                  _GPS_PPSCount
                    0x093c                  _GPS_Time
                    0x0940                  _Prog_Mode
                    0x0941                  _Prog_PrevMode
                    0x0942                  _Diag_PrevMode
                    0x0944                  _Data_PrevMode
                    0x0946                  _Data_Eol
                    0x0948                  _Field_Delimit
                    0x094a                  _T1Overflow
                    0x094c                  _T2Overflow
                    0x094e                  _T3Overflow
                    0x0950                  _Msg_Id
                    0x0954                  _PmuSoc
                    0x0958                  _PmuFracSec
                    0x095c                  _IC2Count
                    0x095e                  _IC1Count
                    0x0960                  _Frequency
                    0x0964                  _Magnitude
                    0x0968                  _PhaseAng
                    0x096c                  _Crc16
                    0x096e                  _szSendxxx
                    0x0980                  _IFrameSz
                    0x0982                  _IDCode
                    0x0984                  _ICmd
                    0x0986                  _IExtFrame
                    0x0987                  _szInt0xxx
                    0x0998                  _m_E0
                    0x099c                  _icidx
                    0x099e                  _szIC1xxx
                    0x09af                  _szIC2xxx
                    0x09c0                  _szUTXxxx
                    0x09d1                  _szTimexxx
                    0x09e2                  _PTxBreak
                    0x09e4                  _R1xIndex
                    0x09e6                  _R1xData
                    0x09ec                  _R2xIndex
                    0x09ee                  _R2xData
                    0x09f4                  _R1xRdy
                    0x09f6                  _R1xBufMax
                    0x09f8                  _R1xByte
                    0x09fa                  _R2xRdy
                    0x09fc                  _R2xBufMax
                    0x09fe                  _R2xByte

External Symbols in Data Memory (by name):

                    0x08b2                  _ACfg0
                    0x08d2                  _ACfg1
                    0x096c                  _Crc16
                    0x0946                  _Data_Eol
                    0x0944                  _Data_PrevMode
                    0x0942                  _Diag_PrevMode
                    0x0912                  _E
                    0x0948                  _Field_Delimit
                    0x0960                  _Frequency
                    0x0800                  _GPS_Info
                    0x0850                  _GPS_Input
                    0x093a                  _GPS_PPSCount
                    0x093c                  _GPS_Time
                    0x08a0                  _GPS_tm
                    0x095e                  _IC1Count
                    0x092e                  _IC1Data
                    0x095c                  _IC2Count
                    0x0926                  _IC2Data
                    0x0984                  _ICmd
                    0x0982                  _IDCode
                    0x0986                  _IExtFrame
                    0x0980                  _IFrameSz
                    0x0922                  _M
                    0x0964                  _Magnitude
                    0x0950                  _Msg_Id
                    0x09e2                  _PTxBreak
                    0x0968                  _PhaseAng
                    0x08f2                  _PmuCfg2
                    0x0958                  _PmuFracSec
                    0x0954                  _PmuSoc
                    0x0940                  _Prog_Mode
                    0x0941                  _Prog_PrevMode
                    0x09f6                  _R1xBufMax
                    0x09f8                  _R1xByte
                    0x09e6                  _R1xData
                    0x09e4                  _R1xIndex
                    0x09f4                  _R1xRdy
                    0x09fc                  _R2xBufMax
                    0x09fe                  _R2xByte
                    0x09ee                  _R2xData
                    0x09ec                  _R2xIndex
                    0x09fa                  _R2xRdy
                    0x0938                  _SERIAL_NBR
                    0x091a                  _T
                    0x094a                  _T1Overflow
                    0x094c                  _T2Overflow
                    0x094e                  _T3Overflow
                    0x0936                  _THIS_VER
                    0x099c                  _icidx
                    0x0998                  _m_E0
                    0x099e                  _szIC1xxx
                    0x09af                  _szIC2xxx
                    0x0987                  _szInt0xxx
                    0x096e                  _szSendxxx
                    0x09d1                  _szTimexxx
                    0x09c0                  _szUTXxxx

External Symbols in Data EEPROM (by address):

                  0x7ffc00                  _EE_DataAry

External Symbols in Data EEPROM (by name):

                  0x7ffc00                  _EE_DataAry

External Symbols in Program Memory (by address):

                  0x000100                  __resetPRI
                  0x000122                  __psv_init
                  0x000132                  __data_init_standard
                  0x000132                  __data_init
                  0x000190                  __memcpy_helper
                  0x0001c6                  __eedata_helper1
                  0x0001f0                  __eedata_helper2
                  0x0001f8                  __eedata_helper3
                  0x000204                  __eedata_helper4
                  0x000216                  ___mulp32eds3
                  0x000216                  ___mulsi3
                  0x000216                  ___mulp32peds3
                  0x000222                  ___floatsisf
                  0x000278                  ___subsf3
                  0x00027a                  ___addsf3
                  0x000334                  ___mulsf3
                  0x00039c                  ___divsf3
                  0x000420                  ___fixsfsi
                  0x000462                  _sinf
                  0x000466                  ___gesf2
                  0x000466                  ___gtsf2
                  0x00046a                  ___fixunssfsi
                  0x0004a0                  __fpack
                  0x0004ec                  __funpack2
                  0x0004fc                  __fPropagateNaN
                  0x00050e                  __fbopExit
                  0x000516                  __fbopReturnNaN
                  0x00051c                  __funpack
                  0x000546                  __sincosf
                  0x000618                  __fcompare
                  0x00064e                  ___lesf2
                  0x00064e                  ___ltsf2
                  0x00064e                  ___eqsf2
                  0x000652                  _fmodf
                  0x000656                  __fmodrem
                  0x0006f4                  ___udivsi3
                  0x000714                  ___umodsi3
                  0x00071a                  ___modsi3
                  0x000738                  _memset
                  0x000746                  _strcat
                  0x00075e                  _ultoa
                  0x0007aa                  _ltoa
                  0x0007cc                  _strlen
                  0x0007d8                  _strncmp
                  0x0007fa                  _atoi
                  0x0008bc                  _mktime
                  0x000944                  _strncat
                  0x000a6c                  _EGet_Config
                  0x000d7a                  _ESave_Config
                  0x000e24                  _IO_Init
                  0x000e74                  _INTx_Init
                  0x000e90                  _Timer_Init
                  0x001236                  _InCap_Init
                  0x0012d6                  _Send_PHzData
                  0x00169c                  _Send_PmuData
                  0x001c98                  __INT0Interrupt
                  0x001e00                  __T1Interrupt
                  0x00200e                  __T3Interrupt
                  0x002020                  __IC1Interrupt
                  0x0020b0                  __IC2Interrupt
                  0x002152                  _UART1_Init
                  0x002196                  _UART2_Init
                  0x0021fa                  _Wait4Me
                  0x002212                  _main
                  0x002312                  _Prog_Reset
                  0x002382                  _Full_Stop
                  0x00239a                  _U1TX_Eol
                  0x0023c2                  _Calc_CRC
                  0x002426                  _Tx_PmuHeader
                  0x002722                  _Tx_PmuCfg
                  0x002c24                  _Tx_Ping
                  0x002c8a                  _Tx_Config
                  0x002dc8                  _Rx_Config
                  0x002ea0                  _Set_DiagMode
                  0x0030fa                  _URX1_Proc
                  0x00382a                  _GPS_GetInfo
                  0x003986                  _GPS_TxInfo
                  0x0039c2                  _RS_Passthru
                  0x003a8c                  __U1RXInterrupt
                  0x003ad0                  __U2RXInterrupt
                  0x003b14                  _BusyUART1
                  0x003b22                  _CloseUART1
                  0x003b34                  _ConfigIntUART1
                  0x003b9e                  _DataRdyUART1
                  0x003baa                  _GetsUART1
                  0x003c12                  _OpenUART1
                  0x003c2a                  _PutsUART1
                  0x003c78                  _ReadUART1
                  0x003c96                  _WriteUART1
                  0x003cba                  _BusyUART2
                  0x003cc8                  _CloseUART2
                  0x003cda                  _ConfigIntUART2
                  0x003d42                  _DataRdyUART2
                  0x003d4e                  _GetsUART2
                  0x003db6                  _OpenUART2
                  0x003dce                  _PutsUART2
                  0x003e1c                  _ReadUART2
                  0x003e3a                  _WriteUART2
                  0x003efa                  __DefaultInterrupt
                  0xf8000a                  __FGS.sec

External Symbols in Program Memory (by name):

                  0x003b14                  _BusyUART1
                  0x003cba                  _BusyUART2
                  0x0023c2                  _Calc_CRC
                  0x003b22                  _CloseUART1
                  0x003cc8                  _CloseUART2
                  0x003b34                  _ConfigIntUART1
                  0x003cda                  _ConfigIntUART2
                  0x003b9e                  _DataRdyUART1
                  0x003d42                  _DataRdyUART2
                  0x000a6c                  _EGet_Config
                  0x000d7a                  _ESave_Config
                  0x002382                  _Full_Stop
                  0x00382a                  _GPS_GetInfo
                  0x003986                  _GPS_TxInfo
                  0x003baa                  _GetsUART1
                  0x003d4e                  _GetsUART2
                  0x000e74                  _INTx_Init
                  0x000e24                  _IO_Init
                  0x001236                  _InCap_Init
                  0x003c12                  _OpenUART1
                  0x003db6                  _OpenUART2
                  0x002312                  _Prog_Reset
                  0x003c2a                  _PutsUART1
                  0x003dce                  _PutsUART2
                  0x0039c2                  _RS_Passthru
                  0x003c78                  _ReadUART1
                  0x003e1c                  _ReadUART2
                  0x002dc8                  _Rx_Config
                  0x0012d6                  _Send_PHzData
                  0x00169c                  _Send_PmuData
                  0x002ea0                  _Set_DiagMode
                  0x000e90                  _Timer_Init
                  0x002c8a                  _Tx_Config
                  0x002c24                  _Tx_Ping
                  0x002722                  _Tx_PmuCfg
                  0x002426                  _Tx_PmuHeader
                  0x00239a                  _U1TX_Eol
                  0x002152                  _UART1_Init
                  0x002196                  _UART2_Init
                  0x0030fa                  _URX1_Proc
                  0x0021fa                  _Wait4Me
                  0x003c96                  _WriteUART1
                  0x003e3a                  _WriteUART2
                  0x003efa                  __DefaultInterrupt
                  0xf8000a                  __FGS.sec
                  0x002020                  __IC1Interrupt
                  0x0020b0                  __IC2Interrupt
                  0x001c98                  __INT0Interrupt
                  0x001e00                  __T1Interrupt
                  0x00200e                  __T3Interrupt
                  0x003a8c                  __U1RXInterrupt
                  0x003ad0                  __U2RXInterrupt
                  0x00027a                  ___addsf3
                  0x00039c                  ___divsf3
                  0x00064e                  ___eqsf2
                  0x000420                  ___fixsfsi
                  0x00046a                  ___fixunssfsi
                  0x000222                  ___floatsisf
                  0x000466                  ___gesf2
                  0x000466                  ___gtsf2
                  0x00064e                  ___lesf2
                  0x00064e                  ___ltsf2
                  0x00071a                  ___modsi3
                  0x000216                  ___mulp32eds3
                  0x000216                  ___mulp32peds3
                  0x000334                  ___mulsf3
                  0x000216                  ___mulsi3
                  0x000278                  ___subsf3
                  0x0006f4                  ___udivsi3
                  0x000714                  ___umodsi3
                  0x000132                  __data_init
                  0x000132                  __data_init_standard
                  0x0001c6                  __eedata_helper1
                  0x0001f0                  __eedata_helper2
                  0x0001f8                  __eedata_helper3
                  0x000204                  __eedata_helper4
                  0x0004fc                  __fPropagateNaN
                  0x00050e                  __fbopExit
                  0x000516                  __fbopReturnNaN
                  0x000618                  __fcompare
                  0x000656                  __fmodrem
                  0x0004a0                  __fpack
                  0x00051c                  __funpack
                  0x0004ec                  __funpack2
                  0x000190                  __memcpy_helper
                  0x000122                  __psv_init
                  0x000100                  __resetPRI
                  0x000546                  __sincosf
                  0x0007fa                  _atoi
                  0x000652                  _fmodf
                  0x0007aa                  _ltoa
                  0x002212                  _main
                  0x000738                  _memset
                  0x0008bc                  _mktime
                  0x000462                  _sinf
                  0x000746                  _strcat
                  0x0007cc                  _strlen
                  0x000944                  _strncat
                  0x0007d8                  _strncmp
                  0x00075e                  _ultoa

Memory Configuration

Name             Origin             Length             Attributes
data             0x000800           0x000800           a !xr
program          0x000100           0x003f00           xr
reset            0x000000           0x000004  
ivt              0x000004           0x00007c  
aivt             0x000084           0x00007c  
__FOSC           0xf80000           0x000002  
__FWDT           0xf80002           0x000002  
__FBORPOR        0xf80004           0x000002  
__CONFIG4        0xf80006           0x000002  
__CONFIG5        0xf80008           0x000002  
__FGS            0xf8000a           0x000002  
__FICD           0xf8000c           0x000002  
__FUID0          0x8005c0           0x000002  
__FUID1          0x8005c2           0x000002  
__FUID2          0x8005c4           0x000002  
__FUID3          0x8005c6           0x000002  
eedata           0x7ffc00           0x000400  
*default*        0x000000           0xffffffff  

Linker script and memory map

LOAD main.o
LOAD RS232.o
LOAD c:/microchip/mplab_c30/bin/bin/../../lib/dsPIC30F\libp30F3013-coff.a
                    0x0001                  __NO_HANDLES = 0x1
                    0xf80000                  __FOSC = 0xf80000
                    0xf80002                  __FWDT = 0xf80002
                    0xf80004                  __FBORPOR = 0xf80004
                    0xf80006                  __CONFIG4 = 0xf80006
                    0xf80008                  __CONFIG5 = 0xf80008
                    0xf8000a                  __FGS = 0xf8000a
                    0xf8000c                  __FICD = 0xf8000c
                    0x8005c0                  __FUID0 = 0x8005c0
                    0x8005c2                  __FUID1 = 0x8005c2
                    0x8005c4                  __FUID2 = 0x8005c4
                    0x8005c6                  __FUID3 = 0x8005c6
                    0x0000                  __RESET_BASE = 0x0
                    0x0004                  __IVT_BASE = 0x4
                    0x0084                  __AIVT_BASE = 0x84
                    0x0100                  __CODE_BASE = 0x100
                    0x0000                  __SFR_BASE = 0x0
                    0x0800                  __DATA_BASE = 0x800
                    0x0c00                  __YDATA_BASE = 0xc00

.reset            0x000000          0x4
                  0x000000          0x2 SHORT 0x100 ABSOLUTE (__reset)
                  0x000001          0x2 SHORT 0x4
                  0x000002          0x2 SHORT 0x0 ((ABSOLUTE (__reset) >> 0x10) & 0x7f)
                  0x000003          0x2 SHORT 0x0

.text             0x000100        0x868
 *(.init)
 .init            0x000100         0x32 c:/microchip/mplab_c30/bin/bin/../../lib\libpic30-coff.a(crt0_standard.o)
                  0x000100                  _resetPRI
                  0x000100                  _reset
                  0x000122                  _psv_init
 .init            0x000132         0x5e c:/microchip/mplab_c30/bin/bin/../../lib\libpic30-coff.a(data_init_standard.o)
                  0x000132                  _data_init_standard
                  0x000132                  _data_init
 *(.user_init)
 *(.handle)
 *(.libc)
 .libc            0x000190         0x36 c:/microchip/mplab_c30/bin/bin/../../lib\libpic30-coff.a(memcpy_helper.o)
                  0x000190                  _memcpy_helper
 .libc            0x0001c6         0x50 c:/microchip/mplab_c30/bin/bin/../../lib\libpic30-coff.a(eedata_helper.o)
                  0x0001c6                  _eedata_helper1
                  0x0001f0                  _eedata_helper2
                  0x0001f8                  _eedata_helper3
                  0x000204                  _eedata_helper4
 .libc            0x000216          0xc c:/microchip/mplab_c30/bin/bin/../../lib\libm-coff.a(mulsi3.o)
                  0x000216                  __mulp32peds3
                  0x000216                  __mulsi3
                  0x000216                  __mulp32eds3
 *(.libm)
 .libm            0x000222         0x56 c:/microchip/mplab_c30/bin/bin/../../lib\libm-coff.a(floatsisf.o)
                  0x000222                  __floatsisf
 .libm            0x000278         0xbc c:/microchip/mplab_c30/bin/bin/../../lib\libm-coff.a(addsf3.o)
                  0x000278                  __subsf3
                  0x00027a                  __addsf3
 .libm            0x000334         0x68 c:/microchip/mplab_c30/bin/bin/../../lib\libm-coff.a(mulsf3.o)
                  0x000334                  __mulsf3
 .libm            0x00039c         0x84 c:/microchip/mplab_c30/bin/bin/../../lib\libm-coff.a(divsf3.o)
                  0x00039c                  __divsf3
 .libm            0x000420         0x42 c:/microchip/mplab_c30/bin/bin/../../lib\libm-coff.a(fixsfsi.o)
                  0x000420                  __fixsfsi
 .libm            0x000462          0x4 c:/microchip/mplab_c30/bin/bin/../../lib\libm-coff.a(sinf.o)
                  0x000462                  sinf
 .libm            0x000466          0x4 c:/microchip/mplab_c30/bin/bin/../../lib\libm-coff.a(fgtge.o)
                  0x000466                  __gesf2
                  0x000466                  __gtsf2
 .libm            0x00046a         0x36 c:/microchip/mplab_c30/bin/bin/../../lib\libm-coff.a(fixunssfsi.o)
                  0x00046a                  __fixunssfsi
 .libm            0x0004a0         0x4c c:/microchip/mplab_c30/bin/bin/../../lib\libm-coff.a(fpack.o)
                  0x0004a0                  _fpack
 .libm            0x0004ec         0x10 c:/microchip/mplab_c30/bin/bin/../../lib\libm-coff.a(funpack2.o)
                  0x0004ec                  _funpack2
 .libm            0x0004fc         0x20 c:/microchip/mplab_c30/bin/bin/../../lib\libm-coff.a(futil.o)
                  0x0004fc                  _fPropagateNaN
                  0x00050e                  _fbopExit
                  0x000516                  _fbopReturnNaN
 .libm            0x00051c         0x2a c:/microchip/mplab_c30/bin/bin/../../lib\libm-coff.a(funpack.o)
                  0x00051c                  _funpack
 .libm            0x000546         0xd2 c:/microchip/mplab_c30/bin/bin/../../lib\libm-coff.a(sincosf.o)
                  0x000546                  _sincosf
 .libm            0x000618         0x36 c:/microchip/mplab_c30/bin/bin/../../lib\libm-coff.a(fcompare.o)
                  0x000618                  _fcompare
 .libm            0x00064e          0x4 c:/microchip/mplab_c30/bin/bin/../../lib\libm-coff.a(feqltle.o)
                  0x00064e                  __eqsf2
                  0x00064e                  __ltsf2
                  0x00064e                  __lesf2
 .libm            0x000652          0x4 c:/microchip/mplab_c30/bin/bin/../../lib\libm-coff.a(fmodf.o)
                  0x000652                  fmodf
 .libm            0x000656         0x9e c:/microchip/mplab_c30/bin/bin/../../lib\libm-coff.a(fmodrem.o)
                  0x000656                  _fmodrem
 .libm            0x0006f4         0x20 c:/microchip/mplab_c30/bin/bin/../../lib\libm-coff.a(udivsi3.o)
                  0x0006f4                  __udivsi3
 .libm            0x000714          0x6 c:/microchip/mplab_c30/bin/bin/../../lib\libm-coff.a(umodsi3.o)
                  0x000714                  __umodsi3
 .libm            0x00071a         0x1e c:/microchip/mplab_c30/bin/bin/../../lib\libm-coff.a(modsi3.o)
                  0x00071a                  __modsi3
 *(.libdsp)
 *(.lib*)
 .libc.memset     0x000738          0xe c:/microchip/mplab_c30/bin/bin/../../lib\libc-coff.a(memset.XXo)
                  0x000738                  memset
 .libc.strcat     0x000746         0x18 c:/microchip/mplab_c30/bin/bin/../../lib\libc-coff.a(strcat.XXo)
                  0x000746                  strcat
 .libc.ultoa      0x00075e         0x4c c:/microchip/mplab_c30/bin/bin/../../lib\libc-coff.a(ltoa.XXo)
                  0x00075e                  ultoa
 .libc.ltoa       0x0007aa         0x22 c:/microchip/mplab_c30/bin/bin/../../lib\libc-coff.a(ltoa.XXo)
                  0x0007aa                  ltoa
 .libc.strlen     0x0007cc          0xc c:/microchip/mplab_c30/bin/bin/../../lib\libc-coff.a(strlen.XXo)
                  0x0007cc                  strlen
 .libc.strncmp    0x0007d8         0x22 c:/microchip/mplab_c30/bin/bin/../../lib\libc-coff.a(strncmp.XXo)
                  0x0007d8                  strncmp
 .libc.atoi       0x0007fa         0x48 c:/microchip/mplab_c30/bin/bin/../../lib\libc-coff.a(atoi.XXo)
                  0x0007fa                  atoi
 .libc.years_to_days
                  0x000842         0x26 c:/microchip/mplab_c30/bin/bin/../../lib\libc-coff.a(mktime.XXo)
 .libc.ymd_to_scalar
                  0x000868         0x54 c:/microchip/mplab_c30/bin/bin/../../lib\libc-coff.a(mktime.XXo)
 .libc.mktime     0x0008bc         0x88 c:/microchip/mplab_c30/bin/bin/../../lib\libc-coff.a(mktime.XXo)
                  0x0008bc                  mktime
 .libc.strncat    0x000944         0x24 c:/microchip/mplab_c30/bin/bin/../../lib\libc-coff.a(strncat.XXo)
                  0x000944                  strncat

usercode
 *(usercode)

__FOSC            0xf80000          0x2
 *(__FOSC.sec)
 __FOSC.sec       0xf80000          0x2 main.o

__FWDT            0xf80002          0x2
 *(__FWDT.sec)
 __FWDT.sec       0xf80002          0x2 main.o

__FBORPOR         0xf80004          0x2
 *(__FBORPOR.sec)
 __FBORPOR.sec    0xf80004          0x2 main.o

__CONFIG4
 *(__CONFIG4.sec)

__CONFIG5
 *(__CONFIG5.sec)

__FGS             0xf8000a          0x2
 *(__FGS.sec)
 __FGS.sec        0xf8000a          0x2 FGS
                  0xf8000a                  _FGS.sec

__FICD
 *(__FICD.sec)

__FUID0
 *(__FUID0.sec)

__FUID1
 *(__FUID1.sec)

__FUID2
 *(__FUID2.sec)

__FUID3
 *(__FUID3.sec)

user_eedata
 *(user_eedata)

userdata
 *(userdata)

.comment
 *(.comment)

.debug_info
 *(.debug_info)
 *(.gnu.linkonce.wi.*)

.debug_abbrev
 *(.debug_abbrev)

.debug_line
 *(.debug_line)

.debug_frame
 *(.debug_frame)

.debug_str
 *(.debug_str)

.debug_loc
 *(.debug_loc)

.debug_macinfo
 *(.debug_macinfo)

.debug_pubnames
 *(.debug_pubnames)

.debug_ranges
 *(.debug_ranges)

.debug_aranges
 *(.debug_aranges)

.ivt              0x000004         0x7c
                  0x000004          0x4 LONG 0x3efa DEFINED (__ReservedTrap0)?ABSOLUTE (__ReservedTrap0):ABSOLUTE (__DefaultInterrupt)
                  0x000006          0x4 LONG 0x3efa DEFINED (__OscillatorFail)?ABSOLUTE (__OscillatorFail):ABSOLUTE (__DefaultInterrupt)
                  0x000008          0x4 LONG 0x3efa DEFINED (__AddressError)?ABSOLUTE (__AddressError):ABSOLUTE (__DefaultInterrupt)
                  0x00000a          0x4 LONG 0x3efa DEFINED (__StackError)?ABSOLUTE (__StackError):ABSOLUTE (__DefaultInterrupt)
                  0x00000c          0x4 LONG 0x3efa DEFINED (__MathError)?ABSOLUTE (__MathError):ABSOLUTE (__DefaultInterrupt)
                  0x00000e          0x4 LONG 0x3efa DEFINED (__ReservedTrap5)?ABSOLUTE (__ReservedTrap5):ABSOLUTE (__DefaultInterrupt)
                  0x000010          0x4 LONG 0x3efa DEFINED (__ReservedTrap6)?ABSOLUTE (__ReservedTrap6):ABSOLUTE (__DefaultInterrupt)
                  0x000012          0x4 LONG 0x3efa DEFINED (__ReservedTrap7)?ABSOLUTE (__ReservedTrap7):ABSOLUTE (__DefaultInterrupt)
                  0x000014          0x4 LONG 0x1c98 DEFINED (__INT0Interrupt)?ABSOLUTE (__INT0Interrupt):ABSOLUTE (__DefaultInterrupt)
                  0x000016          0x4 LONG 0x2020 DEFINED (__IC1Interrupt)?ABSOLUTE (__IC1Interrupt):ABSOLUTE (__DefaultInterrupt)
                  0x000018          0x4 LONG 0x3efa DEFINED (__OC1Interrupt)?ABSOLUTE (__OC1Interrupt):ABSOLUTE (__DefaultInterrupt)
                  0x00001a          0x4 LONG 0x1e00 DEFINED (__T1Interrupt)?ABSOLUTE (__T1Interrupt):ABSOLUTE (__DefaultInterrupt)
                  0x00001c          0x4 LONG 0x20b0 DEFINED (__IC2Interrupt)?ABSOLUTE (__IC2Interrupt):ABSOLUTE (__DefaultInterrupt)
                  0x00001e          0x4 LONG 0x3efa DEFINED (__OC2Interrupt)?ABSOLUTE (__OC2Interrupt):ABSOLUTE (__DefaultInterrupt)
                  0x000020          0x4 LONG 0x3efa DEFINED (__T2Interrupt)?ABSOLUTE (__T2Interrupt):ABSOLUTE (__DefaultInterrupt)
                  0x000022          0x4 LONG 0x200e DEFINED (__T3Interrupt)?ABSOLUTE (__T3Interrupt):ABSOLUTE (__DefaultInterrupt)
                  0x000024          0x4 LONG 0x3efa DEFINED (__SPI1Interrupt)?ABSOLUTE (__SPI1Interrupt):ABSOLUTE (__DefaultInterrupt)
                  0x000026          0x4 LONG 0x3a8c DEFINED (__U1RXInterrupt)?ABSOLUTE (__U1RXInterrupt):ABSOLUTE (__DefaultInterrupt)
                  0x000028          0x4 LONG 0x3efa DEFINED (__U1TXInterrupt)?ABSOLUTE (__U1TXInterrupt):ABSOLUTE (__DefaultInterrupt)
                  0x00002a          0x4 LONG 0x3efa DEFINED (__ADCInterrupt)?ABSOLUTE (__ADCInterrupt):ABSOLUTE (__DefaultInterrupt)
                  0x00002c          0x4 LONG 0x3efa DEFINED (__NVMInterrupt)?ABSOLUTE (__NVMInterrupt):ABSOLUTE (__DefaultInterrupt)
                  0x00002e          0x4 LONG 0x3efa DEFINED (__SI2CInterrupt)?ABSOLUTE (__SI2CInterrupt):ABSOLUTE (__DefaultInterrupt)
                  0x000030          0x4 LONG 0x3efa DEFINED (__MI2CInterrupt)?ABSOLUTE (__MI2CInterrupt):ABSOLUTE (__DefaultInterrupt)
                  0x000032          0x4 LONG 0x3efa DEFINED (__CNInterrupt)?ABSOLUTE (__CNInterrupt):ABSOLUTE (__DefaultInterrupt)
                  0x000034          0x4 LONG 0x3efa DEFINED (__INT1Interrupt)?ABSOLUTE (__INT1Interrupt):ABSOLUTE (__DefaultInterrupt)
                  0x000036          0x4 LONG 0x3efa DEFINED (__IC7Interrupt)?ABSOLUTE (__IC7Interrupt):ABSOLUTE (__DefaultInterrupt)
                  0x000038          0x4 LONG 0x3efa DEFINED (__IC8Interrupt)?ABSOLUTE (__IC8Interrupt):ABSOLUTE (__DefaultInterrupt)
                  0x00003a          0x4 LONG 0x3efa DEFINED (__OC3Interrupt)?ABSOLUTE (__OC3Interrupt):ABSOLUTE (__DefaultInterrupt)
                  0x00003c          0x4 LONG 0x3efa DEFINED (__OC4Interrupt)?ABSOLUTE (__OC4Interrupt):ABSOLUTE (__DefaultInterrupt)
                  0x00003e          0x4 LONG 0x3efa DEFINED (__T4Interrupt)?ABSOLUTE (__T4Interrupt):ABSOLUTE (__DefaultInterrupt)
                  0x000040          0x4 LONG 0x3efa DEFINED (__T5Interrupt)?ABSOLUTE (__T5Interrupt):ABSOLUTE (__DefaultInterrupt)
                  0x000042          0x4 LONG 0x3efa DEFINED (__INT2Interrupt)?ABSOLUTE (__INT2Interrupt):ABSOLUTE (__DefaultInterrupt)
                  0x000044          0x4 LONG 0x3ad0 DEFINED (__U2RXInterrupt)?ABSOLUTE (__U2RXInterrupt):ABSOLUTE (__DefaultInterrupt)
                  0x000046          0x4 LONG 0x3efa DEFINED (__U2TXInterrupt)?ABSOLUTE (__U2TXInterrupt):ABSOLUTE (__DefaultInterrupt)
                  0x000048          0x4 LONG 0x3efa DEFINED (__SPI2Interrupt)?ABSOLUTE (__SPI2Interrupt):ABSOLUTE (__DefaultInterrupt)
                  0x00004a          0x4 LONG 0x3efa DEFINED (__C1Interrupt)?ABSOLUTE (__C1Interrupt):ABSOLUTE (__DefaultInterrupt)
                  0x00004c          0x4 LONG 0x3efa DEFINED (__IC3Interrupt)?ABSOLUTE (__IC3Interrupt):ABSOLUTE (__DefaultInterrupt)
                  0x00004e          0x4 LONG 0x3efa DEFINED (__IC4Interrupt)?ABSOLUTE (__IC4Interrupt):ABSOLUTE (__DefaultInterrupt)
                  0x000050          0x4 LONG 0x3efa DEFINED (__IC5Interrupt)?ABSOLUTE (__IC5Interrupt):ABSOLUTE (__DefaultInterrupt)
                  0x000052          0x4 LONG 0x3efa DEFINED (__IC6Interrupt)?ABSOLUTE (__IC6Interrupt):ABSOLUTE (__DefaultInterrupt)
                  0x000054          0x4 LONG 0x3efa DEFINED (__OC5Interrupt)?ABSOLUTE (__OC5Interrupt):ABSOLUTE (__DefaultInterrupt)
                  0x000056          0x4 LONG 0x3efa DEFINED (__OC6Interrupt)?ABSOLUTE (__OC6Interrupt):ABSOLUTE (__DefaultInterrupt)
                  0x000058          0x4 LONG 0x3efa DEFINED (__OC7Interrupt)?ABSOLUTE (__OC7Interrupt):ABSOLUTE (__DefaultInterrupt)
                  0x00005a          0x4 LONG 0x3efa DEFINED (__OC8Interrupt)?ABSOLUTE (__OC8Interrupt):ABSOLUTE (__DefaultInterrupt)
                  0x00005c          0x4 LONG 0x3efa DEFINED (__INT3Interrupt)?ABSOLUTE (__INT3Interrupt):ABSOLUTE (__DefaultInterrupt)
                  0x00005e          0x4 LONG 0x3efa DEFINED (__INT4Interrupt)?ABSOLUTE (__INT4Interrupt):ABSOLUTE (__DefaultInterrupt)
                  0x000060          0x4 LONG 0x3efa DEFINED (__C2Interrupt)?ABSOLUTE (__C2Interrupt):ABSOLUTE (__DefaultInterrupt)
                  0x000062          0x4 LONG 0x3efa DEFINED (__PWMInterrupt)?ABSOLUTE (__PWMInterrupt):ABSOLUTE (__DefaultInterrupt)
                  0x000064          0x4 LONG 0x3efa DEFINED (__QEIInterrupt)?ABSOLUTE (__QEIInterrupt):ABSOLUTE (__DefaultInterrupt)
                  0x000066          0x4 LONG 0x3efa DEFINED (__DCIInterrupt)?ABSOLUTE (__DCIInterrupt):ABSOLUTE (__DefaultInterrupt)
                  0x000068          0x4 LONG 0x3efa DEFINED (__LVDInterrupt)?ABSOLUTE (__LVDInterrupt):ABSOLUTE (__DefaultInterrupt)
                  0x00006a          0x4 LONG 0x3efa DEFINED (__FLTAInterrupt)?ABSOLUTE (__FLTAInterrupt):ABSOLUTE (__DefaultInterrupt)
                  0x00006c          0x4 LONG 0x3efa DEFINED (__FLTBInterrupt)?ABSOLUTE (__FLTBInterrupt):ABSOLUTE (__DefaultInterrupt)
                  0x00006e          0x4 LONG 0x3efa DEFINED (__Interrupt45)?ABSOLUTE (__Interrupt45):ABSOLUTE (__DefaultInterrupt)
                  0x000070          0x4 LONG 0x3efa DEFINED (__Interrupt46)?ABSOLUTE (__Interrupt46):ABSOLUTE (__DefaultInterrupt)
                  0x000072          0x4 LONG 0x3efa DEFINED (__Interrupt47)?ABSOLUTE (__Interrupt47):ABSOLUTE (__DefaultInterrupt)
                  0x000074          0x4 LONG 0x3efa DEFINED (__Interrupt48)?ABSOLUTE (__Interrupt48):ABSOLUTE (__DefaultInterrupt)
                  0x000076          0x4 LONG 0x3efa DEFINED (__Interrupt49)?ABSOLUTE (__Interrupt49):ABSOLUTE (__DefaultInterrupt)
                  0x000078          0x4 LONG 0x3efa DEFINED (__Interrupt50)?ABSOLUTE (__Interrupt50):ABSOLUTE (__DefaultInterrupt)
                  0x00007a          0x4 LONG 0x3efa DEFINED (__Interrupt51)?ABSOLUTE (__Interrupt51):ABSOLUTE (__DefaultInterrupt)
                  0x00007c          0x4 LONG 0x3efa DEFINED (__Interrupt52)?ABSOLUTE (__Interrupt52):ABSOLUTE (__DefaultInterrupt)
                  0x00007e          0x4 LONG 0x3efa DEFINED (__Interrupt53)?ABSOLUTE (__Interrupt53):ABSOLUTE (__DefaultInterrupt)

.aivt             0x000084         0x7c
                  0x000084          0x4 LONG 0x3efa DEFINED (__AltReservedTrap0)?ABSOLUTE (__AltReservedTrap0):DEFINED (__ReservedTrap0)?ABSOLUTE (__ReservedTrap0):ABSOLUTE (__DefaultInterrupt)
                  0x000086          0x4 LONG 0x3efa DEFINED (__AltOscillatorFail)?ABSOLUTE (__AltOscillatorFail):DEFINED (__OscillatorFail)?ABSOLUTE (__OscillatorFail):ABSOLUTE (__DefaultInterrupt)
                  0x000088          0x4 LONG 0x3efa DEFINED (__AltAddressError)?ABSOLUTE (__AltAddressError):DEFINED (__AddressError)?ABSOLUTE (__AddressError):ABSOLUTE (__DefaultInterrupt)
                  0x00008a          0x4 LONG 0x3efa DEFINED (__AltStackError)?ABSOLUTE (__AltStackError):DEFINED (__StackError)?ABSOLUTE (__StackError):ABSOLUTE (__DefaultInterrupt)
                  0x00008c          0x4 LONG 0x3efa DEFINED (__AltMathError)?ABSOLUTE (__AltMathError):DEFINED (__MathError)?ABSOLUTE (__MathError):ABSOLUTE (__DefaultInterrupt)
                  0x00008e          0x4 LONG 0x3efa DEFINED (__AltReservedTrap5)?ABSOLUTE (__AltReservedTrap5):DEFINED (__ReservedTrap5)?ABSOLUTE (__ReservedTrap5):ABSOLUTE (__DefaultInterrupt)
                  0x000090          0x4 LONG 0x3efa DEFINED (__AltReservedTrap6)?ABSOLUTE (__AltReservedTrap6):DEFINED (__ReservedTrap6)?ABSOLUTE (__ReservedTrap6):ABSOLUTE (__DefaultInterrupt)
                  0x000092          0x4 LONG 0x3efa DEFINED (__AltReservedTrap7)?ABSOLUTE (__AltReservedTrap7):DEFINED (__ReservedTrap7)?ABSOLUTE (__ReservedTrap7):ABSOLUTE (__DefaultInterrupt)
                  0x000094          0x4 LONG 0x1c98 DEFINED (__AltINT0Interrupt)?ABSOLUTE (__AltINT0Interrupt):DEFINED (__INT0Interrupt)?ABSOLUTE (__INT0Interrupt):ABSOLUTE (__DefaultInterrupt)
                  0x000096          0x4 LONG 0x2020 DEFINED (__AltIC1Interrupt)?ABSOLUTE (__AltIC1Interrupt):DEFINED (__IC1Interrupt)?ABSOLUTE (__IC1Interrupt):ABSOLUTE (__DefaultInterrupt)
                  0x000098          0x4 LONG 0x3efa DEFINED (__AltOC1Interrupt)?ABSOLUTE (__AltOC1Interrupt):DEFINED (__OC1Interrupt)?ABSOLUTE (__OC1Interrupt):ABSOLUTE (__DefaultInterrupt)
                  0x00009a          0x4 LONG 0x1e00 DEFINED (__AltT1Interrupt)?ABSOLUTE (__AltT1Interrupt):DEFINED (__T1Interrupt)?ABSOLUTE (__T1Interrupt):ABSOLUTE (__DefaultInterrupt)
                  0x00009c          0x4 LONG 0x20b0 DEFINED (__AltIC2Interrupt)?ABSOLUTE (__AltIC2Interrupt):DEFINED (__IC2Interrupt)?ABSOLUTE (__IC2Interrupt):ABSOLUTE (__DefaultInterrupt)
                  0x00009e          0x4 LONG 0x3efa DEFINED (__AltOC2Interrupt)?ABSOLUTE (__AltOC2Interrupt):DEFINED (__OC2Interrupt)?ABSOLUTE (__OC2Interrupt):ABSOLUTE (__DefaultInterrupt)
                  0x0000a0          0x4 LONG 0x3efa DEFINED (__AltT2Interrupt)?ABSOLUTE (__AltT2Interrupt):DEFINED (__T2Interrupt)?ABSOLUTE (__T2Interrupt):ABSOLUTE (__DefaultInterrupt)
                  0x0000a2          0x4 LONG 0x200e DEFINED (__AltT3Interrupt)?ABSOLUTE (__AltT3Interrupt):DEFINED (__T3Interrupt)?ABSOLUTE (__T3Interrupt):ABSOLUTE (__DefaultInterrupt)
                  0x0000a4          0x4 LONG 0x3efa DEFINED (__AltSPI1Interrupt)?ABSOLUTE (__AltSPI1Interrupt):DEFINED (__SPI1Interrupt)?ABSOLUTE (__SPI1Interrupt):ABSOLUTE (__DefaultInterrupt)
                  0x0000a6          0x4 LONG 0x3a8c DEFINED (__AltU1RXInterrupt)?ABSOLUTE (__AltU1RXInterrupt):DEFINED (__U1RXInterrupt)?ABSOLUTE (__U1RXInterrupt):ABSOLUTE (__DefaultInterrupt)
                  0x0000a8          0x4 LONG 0x3efa DEFINED (__AltU1TXInterrupt)?ABSOLUTE (__AltU1TXInterrupt):DEFINED (__U1TXInterrupt)?ABSOLUTE (__U1TXInterrupt):ABSOLUTE (__DefaultInterrupt)
                  0x0000aa          0x4 LONG 0x3efa DEFINED (__AltADCInterrupt)?ABSOLUTE (__AltADCInterrupt):DEFINED (__ADCInterrupt)?ABSOLUTE (__ADCInterrupt):ABSOLUTE (__DefaultInterrupt)
                  0x0000ac          0x4 LONG 0x3efa DEFINED (__AltNVMInterrupt)?ABSOLUTE (__AltNVMInterrupt):DEFINED (__NVMInterrupt)?ABSOLUTE (__NVMInterrupt):ABSOLUTE (__DefaultInterrupt)
                  0x0000ae          0x4 LONG 0x3efa DEFINED (__AltSI2CInterrupt)?ABSOLUTE (__AltSI2CInterrupt):DEFINED (__SI2CInterrupt)?ABSOLUTE (__SI2CInterrupt):ABSOLUTE (__DefaultInterrupt)
                  0x0000b0          0x4 LONG 0x3efa DEFINED (__AltMI2CInterrupt)?ABSOLUTE (__AltMI2CInterrupt):DEFINED (__MI2CInterrupt)?ABSOLUTE (__MI2CInterrupt):ABSOLUTE (__DefaultInterrupt)
                  0x0000b2          0x4 LONG 0x3efa DEFINED (__AltCNInterrupt)?ABSOLUTE (__AltCNInterrupt):DEFINED (__CNInterrupt)?ABSOLUTE (__CNInterrupt):ABSOLUTE (__DefaultInterrupt)
                  0x0000b4          0x4 LONG 0x3efa DEFINED (__AltINT1Interrupt)?ABSOLUTE (__AltINT1Interrupt):DEFINED (__INT1Interrupt)?ABSOLUTE (__INT1Interrupt):ABSOLUTE (__DefaultInterrupt)
                  0x0000b6          0x4 LONG 0x3efa DEFINED (__AltIC7Interrupt)?ABSOLUTE (__AltIC7Interrupt):DEFINED (__IC7Interrupt)?ABSOLUTE (__IC7Interrupt):ABSOLUTE (__DefaultInterrupt)
                  0x0000b8          0x4 LONG 0x3efa DEFINED (__AltIC8Interrupt)?ABSOLUTE (__AltIC8Interrupt):DEFINED (__IC8Interrupt)?ABSOLUTE (__IC8Interrupt):ABSOLUTE (__DefaultInterrupt)
                  0x0000ba          0x4 LONG 0x3efa DEFINED (__AltOC3Interrupt)?ABSOLUTE (__AltOC3Interrupt):DEFINED (__OC3Interrupt)?ABSOLUTE (__OC3Interrupt):ABSOLUTE (__DefaultInterrupt)
                  0x0000bc          0x4 LONG 0x3efa DEFINED (__AltOC4Interrupt)?ABSOLUTE (__AltOC4Interrupt):DEFINED (__OC4Interrupt)?ABSOLUTE (__OC4Interrupt):ABSOLUTE (__DefaultInterrupt)
                  0x0000be          0x4 LONG 0x3efa DEFINED (__AltT4Interrupt)?ABSOLUTE (__AltT4Interrupt):DEFINED (__T4Interrupt)?ABSOLUTE (__T4Interrupt):ABSOLUTE (__DefaultInterrupt)
                  0x0000c0          0x4 LONG 0x3efa DEFINED (__AltT5Interrupt)?ABSOLUTE (__AltT5Interrupt):DEFINED (__T5Interrupt)?ABSOLUTE (__T5Interrupt):ABSOLUTE (__DefaultInterrupt)
                  0x0000c2          0x4 LONG 0x3efa DEFINED (__AltINT2Interrupt)?ABSOLUTE (__AltINT2Interrupt):DEFINED (__INT2Interrupt)?ABSOLUTE (__INT2Interrupt):ABSOLUTE (__DefaultInterrupt)
                  0x0000c4          0x4 LONG 0x3ad0 DEFINED (__AltU2RXInterrupt)?ABSOLUTE (__AltU2RXInterrupt):DEFINED (__U2RXInterrupt)?ABSOLUTE (__U2RXInterrupt):ABSOLUTE (__DefaultInterrupt)
                  0x0000c6          0x4 LONG 0x3efa DEFINED (__AltU2TXInterrupt)?ABSOLUTE (__AltU2TXInterrupt):DEFINED (__U2TXInterrupt)?ABSOLUTE (__U2TXInterrupt):ABSOLUTE (__DefaultInterrupt)
                  0x0000c8          0x4 LONG 0x3efa DEFINED (__AltSPI2Interrupt)?ABSOLUTE (__AltSPI2Interrupt):DEFINED (__SPI2Interrupt)?ABSOLUTE (__SPI2Interrupt):ABSOLUTE (__DefaultInterrupt)
                  0x0000ca          0x4 LONG 0x3efa DEFINED (__AltC1Interrupt)?ABSOLUTE (__AltC1Interrupt):DEFINED (__C1Interrupt)?ABSOLUTE (__C1Interrupt):ABSOLUTE (__DefaultInterrupt)
                  0x0000cc          0x4 LONG 0x3efa DEFINED (__AltIC3Interrupt)?ABSOLUTE (__AltIC3Interrupt):DEFINED (__IC3Interrupt)?ABSOLUTE (__IC3Interrupt):ABSOLUTE (__DefaultInterrupt)
                  0x0000ce          0x4 LONG 0x3efa DEFINED (__AltIC4Interrupt)?ABSOLUTE (__AltIC4Interrupt):DEFINED (__IC4Interrupt)?ABSOLUTE (__IC4Interrupt):ABSOLUTE (__DefaultInterrupt)
                  0x0000d0          0x4 LONG 0x3efa DEFINED (__AltIC5Interrupt)?ABSOLUTE (__AltIC5Interrupt):DEFINED (__IC5Interrupt)?ABSOLUTE (__IC5Interrupt):ABSOLUTE (__DefaultInterrupt)
                  0x0000d2          0x4 LONG 0x3efa DEFINED (__AltIC6Interrupt)?ABSOLUTE (__AltIC6Interrupt):DEFINED (__IC6Interrupt)?ABSOLUTE (__IC6Interrupt):ABSOLUTE (__DefaultInterrupt)
                  0x0000d4          0x4 LONG 0x3efa DEFINED (__AltOC5Interrupt)?ABSOLUTE (__AltOC5Interrupt):DEFINED (__OC5Interrupt)?ABSOLUTE (__OC5Interrupt):ABSOLUTE (__DefaultInterrupt)
                  0x0000d6          0x4 LONG 0x3efa DEFINED (__AltOC6Interrupt)?ABSOLUTE (__AltOC6Interrupt):DEFINED (__OC6Interrupt)?ABSOLUTE (__OC6Interrupt):ABSOLUTE (__DefaultInterrupt)
                  0x0000d8          0x4 LONG 0x3efa DEFINED (__AltOC7Interrupt)?ABSOLUTE (__AltOC7Interrupt):DEFINED (__OC7Interrupt)?ABSOLUTE (__OC7Interrupt):ABSOLUTE (__DefaultInterrupt)
                  0x0000da          0x4 LONG 0x3efa DEFINED (__AltOC8Interrupt)?ABSOLUTE (__AltOC8Interrupt):DEFINED (__OC8Interrupt)?ABSOLUTE (__OC8Interrupt):ABSOLUTE (__DefaultInterrupt)
                  0x0000dc          0x4 LONG 0x3efa DEFINED (__AltINT3Interrupt)?ABSOLUTE (__AltINT3Interrupt):DEFINED (__INT3Interrupt)?ABSOLUTE (__INT3Interrupt):ABSOLUTE (__DefaultInterrupt)
                  0x0000de          0x4 LONG 0x3efa DEFINED (__AltINT4Interrupt)?ABSOLUTE (__AltINT4Interrupt):DEFINED (__INT4Interrupt)?ABSOLUTE (__INT4Interrupt):ABSOLUTE (__DefaultInterrupt)
                  0x0000e0          0x4 LONG 0x3efa DEFINED (__AltC2Interrupt)?ABSOLUTE (__AltC2Interrupt):DEFINED (__C2Interrupt)?ABSOLUTE (__C2Interrupt):ABSOLUTE (__DefaultInterrupt)
                  0x0000e2          0x4 LONG 0x3efa DEFINED (__AltPWMInterrupt)?ABSOLUTE (__AltPWMInterrupt):DEFINED (__PWMInterrupt)?ABSOLUTE (__PWMInterrupt):ABSOLUTE (__DefaultInterrupt)
                  0x0000e4          0x4 LONG 0x3efa DEFINED (__AltQEIInterrupt)?ABSOLUTE (__AltQEIInterrupt):DEFINED (__QEIInterrupt)?ABSOLUTE (__QEIInterrupt):ABSOLUTE (__DefaultInterrupt)
                  0x0000e6          0x4 LONG 0x3efa DEFINED (__AltDCIInterrupt)?ABSOLUTE (__AltDCIInterrupt):DEFINED (__DCIInterrupt)?ABSOLUTE (__DCIInterrupt):ABSOLUTE (__DefaultInterrupt)
                  0x0000e8          0x4 LONG 0x3efa DEFINED (__AltLVDInterrupt)?ABSOLUTE (__AltLVDInterrupt):DEFINED (__LVDInterrupt)?ABSOLUTE (__LVDInterrupt):ABSOLUTE (__DefaultInterrupt)
                  0x0000ea          0x4 LONG 0x3efa DEFINED (__AltFLTAInterrupt)?ABSOLUTE (__AltFLTAInterrupt):DEFINED (__FLTAInterrupt)?ABSOLUTE (__FLTAInterrupt):ABSOLUTE (__DefaultInterrupt)
                  0x0000ec          0x4 LONG 0x3efa DEFINED (__AltFLTBInterrupt)?ABSOLUTE (__AltFLTBInterrupt):DEFINED (__FLTBInterrupt)?ABSOLUTE (__FLTBInterrupt):ABSOLUTE (__DefaultInterrupt)
                  0x0000ee          0x4 LONG 0x3efa DEFINED (__AltInterrupt45)?ABSOLUTE (__AltInterrupt45):DEFINED (__Interrupt45)?ABSOLUTE (__Interrupt45):ABSOLUTE (__DefaultInterrupt)
                  0x0000f0          0x4 LONG 0x3efa DEFINED (__AltInterrupt46)?ABSOLUTE (__AltInterrupt46):DEFINED (__Interrupt46)?ABSOLUTE (__Interrupt46):ABSOLUTE (__DefaultInterrupt)
                  0x0000f2          0x4 LONG 0x3efa DEFINED (__AltInterrupt47)?ABSOLUTE (__AltInterrupt47):DEFINED (__Interrupt47)?ABSOLUTE (__Interrupt47):ABSOLUTE (__DefaultInterrupt)
                  0x0000f4          0x4 LONG 0x3efa DEFINED (__AltInterrupt48)?ABSOLUTE (__AltInterrupt48):DEFINED (__Interrupt48)?ABSOLUTE (__Interrupt48):ABSOLUTE (__DefaultInterrupt)
                  0x0000f6          0x4 LONG 0x3efa DEFINED (__AltInterrupt49)?ABSOLUTE (__AltInterrupt49):DEFINED (__Interrupt49)?ABSOLUTE (__Interrupt49):ABSOLUTE (__DefaultInterrupt)
                  0x0000f8          0x4 LONG 0x3efa DEFINED (__AltInterrupt50)?ABSOLUTE (__AltInterrupt50):DEFINED (__Interrupt50)?ABSOLUTE (__Interrupt50):ABSOLUTE (__DefaultInterrupt)
                  0x0000fa          0x4 LONG 0x3efa DEFINED (__AltInterrupt51)?ABSOLUTE (__AltInterrupt51):DEFINED (__Interrupt51)?ABSOLUTE (__Interrupt51):ABSOLUTE (__DefaultInterrupt)
                  0x0000fc          0x4 LONG 0x3efa DEFINED (__AltInterrupt52)?ABSOLUTE (__AltInterrupt52):DEFINED (__Interrupt52)?ABSOLUTE (__Interrupt52):ABSOLUTE (__DefaultInterrupt)
                  0x0000fe          0x4 LONG 0x3efa DEFINED (__AltInterrupt53)?ABSOLUTE (__AltInterrupt53):DEFINED (__Interrupt53)?ABSOLUTE (__Interrupt53):ABSOLUTE (__DefaultInterrupt)
                    0x0000                  WREG0 = 0x0
                    0x0000                  _WREG0 = 0x0
                    0x0002                  WREG1 = 0x2
                    0x0002                  _WREG1 = 0x2
                    0x0004                  WREG2 = 0x4
                    0x0004                  _WREG2 = 0x4
                    0x0006                  WREG3 = 0x6
                    0x0006                  _WREG3 = 0x6
                    0x0008                  WREG4 = 0x8
                    0x0008                  _WREG4 = 0x8
                    0x000a                  WREG5 = 0xa
                    0x000a                  _WREG5 = 0xa
                    0x000c                  WREG6 = 0xc
                    0x000c                  _WREG6 = 0xc
                    0x000e                  WREG7 = 0xe
                    0x000e                  _WREG7 = 0xe
                    0x0010                  WREG8 = 0x10
                    0x0010                  _WREG8 = 0x10
                    0x0012                  WREG9 = 0x12
                    0x0012                  _WREG9 = 0x12
                    0x0014                  WREG10 = 0x14
                    0x0014                  _WREG10 = 0x14
                    0x0016                  WREG11 = 0x16
                    0x0016                  _WREG11 = 0x16
                    0x0018                  WREG12 = 0x18
                    0x0018                  _WREG12 = 0x18
                    0x001a                  WREG13 = 0x1a
                    0x001a                  _WREG13 = 0x1a
                    0x001c                  WREG14 = 0x1c
                    0x001c                  _WREG14 = 0x1c
                    0x001e                  WREG15 = 0x1e
                    0x001e                  _WREG15 = 0x1e
                    0x0020                  SPLIM = 0x20
                    0x0020                  _SPLIM = 0x20
                    0x0022                  ACCAL = 0x22
                    0x0022                  _ACCAL = 0x22
                    0x0024                  ACCAH = 0x24
                    0x0024                  _ACCAH = 0x24
                    0x0026                  ACCAU = 0x26
                    0x0026                  _ACCAU = 0x26
                    0x0028                  ACCBL = 0x28
                    0x0028                  _ACCBL = 0x28
                    0x002a                  ACCBH = 0x2a
                    0x002a                  _ACCBH = 0x2a
                    0x002c                  ACCBU = 0x2c
                    0x002c                  _ACCBU = 0x2c
                    0x002e                  PCL = 0x2e
                    0x002e                  _PCL = 0x2e
                    0x0030                  PCH = 0x30
                    0x0030                  _PCH = 0x30
                    0x0032                  TBLPAG = 0x32
                    0x0032                  _TBLPAG = 0x32
                    0x0034                  PSVPAG = 0x34
                    0x0034                  _PSVPAG = 0x34
                    0x0036                  RCOUNT = 0x36
                    0x0036                  _RCOUNT = 0x36
                    0x0038                  DCOUNT = 0x38
                    0x0038                  _DCOUNT = 0x38
                    0x003a                  DOSTARTL = 0x3a
                    0x003a                  _DOSTARTL = 0x3a
                    0x003c                  DOSTARTH = 0x3c
                    0x003c                  _DOSTARTH = 0x3c
                    0x003e                  DOENDL = 0x3e
                    0x003e                  _DOENDL = 0x3e
                    0x0040                  DOENDH = 0x40
                    0x0040                  _DOENDH = 0x40
                    0x0042                  SR = 0x42
                    0x0042                  _SR = 0x42
                    0x0044                  CORCON = 0x44
                    0x0044                  _CORCON = 0x44
                    0x0046                  MODCON = 0x46
                    0x0046                  _MODCON = 0x46
                    0x0048                  XMODSRT = 0x48
                    0x0048                  _XMODSRT = 0x48
                    0x004a                  XMODEND = 0x4a
                    0x004a                  _XMODEND = 0x4a
                    0x004c                  YMODSRT = 0x4c
                    0x004c                  _YMODSRT = 0x4c
                    0x004e                  YMODEND = 0x4e
                    0x004e                  _YMODEND = 0x4e
                    0x0050                  XBREV = 0x50
                    0x0050                  _XBREV = 0x50
                    0x0052                  DISICNT = 0x52
                    0x0052                  _DISICNT = 0x52
                    0x0080                  INTCON1 = 0x80
                    0x0080                  _INTCON1 = 0x80
                    0x0082                  INTCON2 = 0x82
                    0x0082                  _INTCON2 = 0x82
                    0x0084                  IFS0 = 0x84
                    0x0084                  _IFS0 = 0x84
                    0x0086                  IFS1 = 0x86
                    0x0086                  _IFS1 = 0x86
                    0x0088                  IFS2 = 0x88
                    0x0088                  _IFS2 = 0x88
                    0x008c                  IEC0 = 0x8c
                    0x008c                  _IEC0 = 0x8c
                    0x008e                  IEC1 = 0x8e
                    0x008e                  _IEC1 = 0x8e
                    0x0090                  IEC2 = 0x90
                    0x0090                  _IEC2 = 0x90
                    0x0094                  IPC0 = 0x94
                    0x0094                  _IPC0 = 0x94
                    0x0096                  IPC1 = 0x96
                    0x0096                  _IPC1 = 0x96
                    0x0098                  IPC2 = 0x98
                    0x0098                  _IPC2 = 0x98
                    0x009a                  IPC3 = 0x9a
                    0x009a                  _IPC3 = 0x9a
                    0x009c                  IPC4 = 0x9c
                    0x009c                  _IPC4 = 0x9c
                    0x009e                  IPC5 = 0x9e
                    0x009e                  _IPC5 = 0x9e
                    0x00a0                  IPC6 = 0xa0
                    0x00a0                  _IPC6 = 0xa0
                    0x00a8                  IPC10 = 0xa8
                    0x00a8                  _IPC10 = 0xa8
                    0x00b0                  INTTREG = 0xb0
                    0x00b0                  _INTTREG = 0xb0
                    0x00c0                  CNEN1 = 0xc0
                    0x00c0                  _CNEN1 = 0xc0
                    0x00c2                  CNEN2 = 0xc2
                    0x00c2                  _CNEN2 = 0xc2
                    0x00c4                  CNPU1 = 0xc4
                    0x00c4                  _CNPU1 = 0xc4
                    0x00c6                  CNPU2 = 0xc6
                    0x00c6                  _CNPU2 = 0xc6
                    0x0100                  TMR1 = 0x100
                    0x0100                  _TMR1 = 0x100
                    0x0102                  PR1 = 0x102
                    0x0102                  _PR1 = 0x102
                    0x0104                  T1CON = 0x104
                    0x0104                  _T1CON = 0x104
                    0x0106                  TMR2 = 0x106
                    0x0106                  _TMR2 = 0x106
                    0x0108                  TMR3HLD = 0x108
                    0x0108                  _TMR3HLD = 0x108
                    0x010a                  TMR3 = 0x10a
                    0x010a                  _TMR3 = 0x10a
                    0x010c                  PR2 = 0x10c
                    0x010c                  _PR2 = 0x10c
                    0x010e                  PR3 = 0x10e
                    0x010e                  _PR3 = 0x10e
                    0x0110                  T2CON = 0x110
                    0x0110                  _T2CON = 0x110
                    0x0112                  T3CON = 0x112
                    0x0112                  _T3CON = 0x112
                    0x0140                  IC1BUF = 0x140
                    0x0140                  _IC1BUF = 0x140
                    0x0142                  IC1CON = 0x142
                    0x0142                  _IC1CON = 0x142
                    0x0144                  IC2BUF = 0x144
                    0x0144                  _IC2BUF = 0x144
                    0x0146                  IC2CON = 0x146
                    0x0146                  _IC2CON = 0x146
                    0x0180                  OC1RS = 0x180
                    0x0180                  _OC1RS = 0x180
                    0x0182                  OC1R = 0x182
                    0x0182                  _OC1R = 0x182
                    0x0184                  OC1CON = 0x184
                    0x0184                  _OC1CON = 0x184
                    0x0186                  OC2RS = 0x186
                    0x0186                  _OC2RS = 0x186
                    0x0188                  OC2R = 0x188
                    0x0188                  _OC2R = 0x188
                    0x018a                  OC2CON = 0x18a
                    0x018a                  _OC2CON = 0x18a
                    0x0200                  I2CRCV = 0x200
                    0x0200                  _I2CRCV = 0x200
                    0x0202                  I2CTRN = 0x202
                    0x0202                  _I2CTRN = 0x202
                    0x0204                  I2CBRG = 0x204
                    0x0204                  _I2CBRG = 0x204
                    0x0206                  I2CCON = 0x206
                    0x0206                  _I2CCON = 0x206
                    0x0208                  I2CSTAT = 0x208
                    0x0208                  _I2CSTAT = 0x208
                    0x020a                  I2CADD = 0x20a
                    0x020a                  _I2CADD = 0x20a
                    0x020c                  U1MODE = 0x20c
                    0x020c                  _U1MODE = 0x20c
                    0x020e                  U1STA = 0x20e
                    0x020e                  _U1STA = 0x20e
                    0x0210                  U1TXREG = 0x210
                    0x0210                  _U1TXREG = 0x210
                    0x0212                  U1RXREG = 0x212
                    0x0212                  _U1RXREG = 0x212
                    0x0214                  U1BRG = 0x214
                    0x0214                  _U1BRG = 0x214
                    0x0216                  U2MODE = 0x216
                    0x0216                  _U2MODE = 0x216
                    0x0218                  U2STA = 0x218
                    0x0218                  _U2STA = 0x218
                    0x021a                  U2TXREG = 0x21a
                    0x021a                  _U2TXREG = 0x21a
                    0x021c                  U2RXREG = 0x21c
                    0x021c                  _U2RXREG = 0x21c
                    0x021e                  U2BRG = 0x21e
                    0x021e                  _U2BRG = 0x21e
                    0x0220                  SPI1STAT = 0x220
                    0x0220                  _SPI1STAT = 0x220
                    0x0222                  SPI1CON = 0x222
                    0x0222                  _SPI1CON = 0x222
                    0x0224                  SPI1BUF = 0x224
                    0x0224                  _SPI1BUF = 0x224
                    0x0280                  ADCBUF0 = 0x280
                    0x0280                  _ADCBUF0 = 0x280
                    0x0282                  ADCBUF1 = 0x282
                    0x0282                  _ADCBUF1 = 0x282
                    0x0284                  ADCBUF2 = 0x284
                    0x0284                  _ADCBUF2 = 0x284
                    0x0286                  ADCBUF3 = 0x286
                    0x0286                  _ADCBUF3 = 0x286
                    0x0288                  ADCBUF4 = 0x288
                    0x0288                  _ADCBUF4 = 0x288
                    0x028a                  ADCBUF5 = 0x28a
                    0x028a                  _ADCBUF5 = 0x28a
                    0x028c                  ADCBUF6 = 0x28c
                    0x028c                  _ADCBUF6 = 0x28c
                    0x028e                  ADCBUF7 = 0x28e
                    0x028e                  _ADCBUF7 = 0x28e
                    0x0290                  ADCBUF8 = 0x290
                    0x0290                  _ADCBUF8 = 0x290
                    0x0292                  ADCBUF9 = 0x292
                    0x0292                  _ADCBUF9 = 0x292
                    0x0294                  ADCBUFA = 0x294
                    0x0294                  _ADCBUFA = 0x294
                    0x0296                  ADCBUFB = 0x296
                    0x0296                  _ADCBUFB = 0x296
                    0x0298                  ADCBUFC = 0x298
                    0x0298                  _ADCBUFC = 0x298
                    0x029a                  ADCBUFD = 0x29a
                    0x029a                  _ADCBUFD = 0x29a
                    0x029c                  ADCBUFE = 0x29c
                    0x029c                  _ADCBUFE = 0x29c
                    0x029e                  ADCBUFF = 0x29e
                    0x029e                  _ADCBUFF = 0x29e
                    0x02a0                  ADCON1 = 0x2a0
                    0x02a0                  _ADCON1 = 0x2a0
                    0x02a2                  ADCON2 = 0x2a2
                    0x02a2                  _ADCON2 = 0x2a2
                    0x02a4                  ADCON3 = 0x2a4
                    0x02a4                  _ADCON3 = 0x2a4
                    0x02a6                  ADCHS = 0x2a6
                    0x02a6                  _ADCHS = 0x2a6
                    0x02a8                  ADPCFG = 0x2a8
                    0x02a8                  _ADPCFG = 0x2a8
                    0x02aa                  ADCSSL = 0x2aa
                    0x02aa                  _ADCSSL = 0x2aa
                    0x02c6                  TRISB = 0x2c6
                    0x02c6                  _TRISB = 0x2c6
                    0x02c8                  PORTB = 0x2c8
                    0x02c8                  _PORTB = 0x2c8
                    0x02ca                  LATB = 0x2ca
                    0x02ca                  _LATB = 0x2ca
                    0x02cc                  TRISC = 0x2cc
                    0x02cc                  _TRISC = 0x2cc
                    0x02ce                  PORTC = 0x2ce
                    0x02ce                  _PORTC = 0x2ce
                    0x02d0                  LATC = 0x2d0
                    0x02d0                  _LATC = 0x2d0
                    0x02d2                  TRISD = 0x2d2
                    0x02d2                  _TRISD = 0x2d2
                    0x02d4                  PORTD = 0x2d4
                    0x02d4                  _PORTD = 0x2d4
                    0x02d6                  LATD = 0x2d6
                    0x02d6                  _LATD = 0x2d6
                    0x02de                  TRISF = 0x2de
                    0x02de                  _TRISF = 0x2de
                    0x02e0                  PORTF = 0x2e0
                    0x02e0                  _PORTF = 0x2e0
                    0x02e2                  LATF = 0x2e2
                    0x02e2                  _LATF = 0x2e2
                    0x0740                  RCON = 0x740
                    0x0740                  _RCON = 0x740
                    0x0742                  OSCCON = 0x742
                    0x0742                  _OSCCON = 0x742
                    0x0744                  OSCTUN = 0x744
                    0x0744                  _OSCTUN = 0x744
                    0x0742                  OSCCONL = OSCCON
                    0x0742                  _OSCCONL = OSCCON
                    0x0743                  OSCCONH = (OSCCON + 0x1)
                    0x0743                  _OSCCONH = (OSCCON + 0x1)
                    0x0760                  NVMCON = 0x760
                    0x0760                  _NVMCON = 0x760
                    0x0762                  NVMADR = 0x762
                    0x0762                  _NVMADR = 0x762
                    0x0764                  NVMADRU = 0x764
                    0x0764                  _NVMADRU = 0x764
                    0x0766                  NVMKEY = 0x766
                    0x0766                  _NVMKEY = 0x766
                    0x0770                  PMD1 = 0x770
                    0x0770                  _PMD1 = 0x770
                    0x0772                  PMD2 = 0x772
                    0x0772                  _PMD2 = 0x772
                    0x0774                  PMD3 = 0x774
                    0x0774                  _PMD3 = 0x774
                    0x0022                  ACCA = 0x22
                    0x0022                  _ACCA = 0x22
                    0x0028                  ACCB = 0x28
                    0x0028                  _ACCB = 0x28
                    0x0042                  SRbits = 0x42
                    0x0042                  _SRbits = 0x42
                    0x0044                  CORCONbits = 0x44
                    0x0044                  _CORCONbits = 0x44
                    0x0046                  MODCONbits = 0x46
                    0x0046                  _MODCONbits = 0x46
                    0x0050                  XBREVbits = 0x50
                    0x0050                  _XBREVbits = 0x50
                    0x0052                  DISICNTbits = 0x52
                    0x0052                  _DISICNTbits = 0x52
                    0x0080                  INTCON1bits = 0x80
                    0x0080                  _INTCON1bits = 0x80
                    0x0082                  INTCON2bits = 0x82
                    0x0082                  _INTCON2bits = 0x82
                    0x0084                  IFS0bits = 0x84
                    0x0084                  _IFS0bits = 0x84
                    0x0086                  IFS1bits = 0x86
                    0x0086                  _IFS1bits = 0x86
                    0x0088                  IFS2bits = 0x88
                    0x0088                  _IFS2bits = 0x88
                    0x008c                  IEC0bits = 0x8c
                    0x008c                  _IEC0bits = 0x8c
                    0x008e                  IEC1bits = 0x8e
                    0x008e                  _IEC1bits = 0x8e
                    0x0090                  IEC2bits = 0x90
                    0x0090                  _IEC2bits = 0x90
                    0x0094                  IPC0bits = 0x94
                    0x0094                  _IPC0bits = 0x94
                    0x0096                  IPC1bits = 0x96
                    0x0096                  _IPC1bits = 0x96
                    0x0098                  IPC2bits = 0x98
                    0x0098                  _IPC2bits = 0x98
                    0x009a                  IPC3bits = 0x9a
                    0x009a                  _IPC3bits = 0x9a
                    0x009c                  IPC4bits = 0x9c
                    0x009c                  _IPC4bits = 0x9c
                    0x009e                  IPC5bits = 0x9e
                    0x009e                  _IPC5bits = 0x9e
                    0x00a0                  IPC6bits = 0xa0
                    0x00a0                  _IPC6bits = 0xa0
                    0x00a8                  IPC10bits = 0xa8
                    0x00a8                  _IPC10bits = 0xa8
                    0x00b0                  INTTREGbits = 0xb0
                    0x00b0                  _INTTREGbits = 0xb0
                    0x00c0                  CNEN1bits = 0xc0
                    0x00c0                  _CNEN1bits = 0xc0
                    0x00c2                  CNEN2bits = 0xc2
                    0x00c2                  _CNEN2bits = 0xc2
                    0x00c4                  CNPU1bits = 0xc4
                    0x00c4                  _CNPU1bits = 0xc4
                    0x00c6                  CNPU2bits = 0xc6
                    0x00c6                  _CNPU2bits = 0xc6
                    0x0104                  T1CONbits = 0x104
                    0x0104                  _T1CONbits = 0x104
                    0x0110                  T2CONbits = 0x110
                    0x0110                  _T2CONbits = 0x110
                    0x0112                  T3CONbits = 0x112
                    0x0112                  _T3CONbits = 0x112
                    0x0142                  IC1CONbits = 0x142
                    0x0142                  _IC1CONbits = 0x142
                    0x0146                  IC2CONbits = 0x146
                    0x0146                  _IC2CONbits = 0x146
                    0x0184                  OC1CONbits = 0x184
                    0x0184                  _OC1CONbits = 0x184
                    0x018a                  OC2CONbits = 0x18a
                    0x018a                  _OC2CONbits = 0x18a
                    0x0200                  I2CRCVbits = 0x200
                    0x0200                  _I2CRCVbits = 0x200
                    0x0202                  I2CTRNbits = 0x202
                    0x0202                  _I2CTRNbits = 0x202
                    0x0204                  I2CBRGbits = 0x204
                    0x0204                  _I2CBRGbits = 0x204
                    0x0206                  I2CCONbits = 0x206
                    0x0206                  _I2CCONbits = 0x206
                    0x0208                  I2CSTATbits = 0x208
                    0x0208                  _I2CSTATbits = 0x208
                    0x020a                  I2CADDbits = 0x20a
                    0x020a                  _I2CADDbits = 0x20a
                    0x020c                  U1MODEbits = 0x20c
                    0x020c                  _U1MODEbits = 0x20c
                    0x020e                  U1STAbits = 0x20e
                    0x020e                  _U1STAbits = 0x20e
                    0x0210                  U1TXREGbits = 0x210
                    0x0210                  _U1TXREGbits = 0x210
                    0x0212                  U1RXREGbits = 0x212
                    0x0212                  _U1RXREGbits = 0x212
                    0x0216                  U2MODEbits = 0x216
                    0x0216                  _U2MODEbits = 0x216
                    0x0218                  U2STAbits = 0x218
                    0x0218                  _U2STAbits = 0x218
                    0x021a                  U2TXREGbits = 0x21a
                    0x021a                  _U2TXREGbits = 0x21a
                    0x021c                  U2RXREGbits = 0x21c
                    0x021c                  _U2RXREGbits = 0x21c
                    0x0220                  SPI1STATbits = 0x220
                    0x0220                  _SPI1STATbits = 0x220
                    0x0222                  SPI1CONbits = 0x222
                    0x0222                  _SPI1CONbits = 0x222
                    0x02a0                  ADCON1bits = 0x2a0
                    0x02a0                  _ADCON1bits = 0x2a0
                    0x02a2                  ADCON2bits = 0x2a2
                    0x02a2                  _ADCON2bits = 0x2a2
                    0x02a4                  ADCON3bits = 0x2a4
                    0x02a4                  _ADCON3bits = 0x2a4
                    0x02a6                  ADCHSbits = 0x2a6
                    0x02a6                  _ADCHSbits = 0x2a6
                    0x02a8                  ADPCFGbits = 0x2a8
                    0x02a8                  _ADPCFGbits = 0x2a8
                    0x02aa                  ADCSSLbits = 0x2aa
                    0x02aa                  _ADCSSLbits = 0x2aa
                    0x02c6                  TRISBbits = 0x2c6
                    0x02c6                  _TRISBbits = 0x2c6
                    0x02c8                  PORTBbits = 0x2c8
                    0x02c8                  _PORTBbits = 0x2c8
                    0x02ca                  LATBbits = 0x2ca
                    0x02ca                  _LATBbits = 0x2ca
                    0x02cc                  TRISCbits = 0x2cc
                    0x02cc                  _TRISCbits = 0x2cc
                    0x02ce                  PORTCbits = 0x2ce
                    0x02ce                  _PORTCbits = 0x2ce
                    0x02d0                  LATCbits = 0x2d0
                    0x02d0                  _LATCbits = 0x2d0
                    0x02d2                  TRISDbits = 0x2d2
                    0x02d2                  _TRISDbits = 0x2d2
                    0x02d4                  PORTDbits = 0x2d4
                    0x02d4                  _PORTDbits = 0x2d4
                    0x02d6                  LATDbits = 0x2d6
                    0x02d6                  _LATDbits = 0x2d6
                    0x02de                  TRISFbits = 0x2de
                    0x02de                  _TRISFbits = 0x2de
                    0x02e0                  PORTFbits = 0x2e0
                    0x02e0                  _PORTFbits = 0x2e0
                    0x02e2                  LATFbits = 0x2e2
                    0x02e2                  _LATFbits = 0x2e2
                    0x0740                  RCONbits = 0x740
                    0x0740                  _RCONbits = 0x740
                    0x0742                  OSCCONbits = 0x742
                    0x0742                  _OSCCONbits = 0x742
                    0x0744                  OSCTUNbits = 0x744
                    0x0744                  _OSCTUNbits = 0x744
                    0x0760                  NVMCONbits = 0x760
                    0x0760                  _NVMCONbits = 0x760
                    0x0770                  PMD1bits = 0x770
                    0x0770                  _PMD1bits = 0x770
                    0x0772                  PMD2bits = 0x772
                    0x0772                  _PMD2bits = 0x772
                    0x0774                  PMD3bits = 0x774
                    0x0774                  _PMD3bits = 0x774
                    0x0140                  IC1 = 0x140
                    0x0140                  _IC1 = 0x140
                    0x0144                  IC2 = 0x144
                    0x0144                  _IC2 = 0x144
                    0x0180                  OC1 = 0x180
                    0x0180                  _OC1 = 0x180
                    0x0186                  OC2 = 0x186
                    0x0186                  _OC2 = 0x186
                    0x020c                  UART1 = 0x20c
                    0x020c                  _UART1 = 0x20c
                    0x0216                  UART2 = 0x216
                    0x0216                  _UART2 = 0x216
                    0x0220                  SPI1 = 0x220
                    0x0220                  _SPI1 = 0x220
                    0x0001                  __MPLAB_BUILD = 0x1
START GROUP
LOAD c:/microchip/mplab_c30/bin/bin/../../lib\libpic30-coff.a
LOAD c:/microchip/mplab_c30/bin/bin/../../lib\libm-coff.a
LOAD c:/microchip/mplab_c30/bin/bin/../../lib\libc-coff.a
END GROUP
OUTPUT(PMU_Sensor.cof coff-pic30)
LOAD FGS
LOAD data_init
LOAD default_isr

__c30_signature
                  0x000000         0xd8
 __c30_signature
                  0x000000          0x6 main.o
 __c30_signature
                  0x000006          0x6 RS232.o
 __c30_signature
                  0x00000c          0x6 c:/microchip/mplab_c30/bin/bin/../../lib\libpic30-coff.a(crt0_standard.o)
 __c30_signature
                  0x000012          0x6 c:/microchip/mplab_c30/bin/bin/../../lib\libpic30-coff.a(memcpy_helper.o)
 __c30_signature
                  0x000018          0x6 c:/microchip/mplab_c30/bin/bin/../../lib\libpic30-coff.a(eedata_helper.o)
 __c30_signature
                  0x00001e          0x6 c:/microchip/mplab_c30/bin/bin/../../lib\libpic30-coff.a(data_init_standard.o)
 __c30_signature
                  0x000024          0x6 c:/microchip/mplab_c30/bin/bin/../../lib\libm-coff.a(floatsisf.o)
 __c30_signature
                  0x00002a          0x6 c:/microchip/mplab_c30/bin/bin/../../lib\libm-coff.a(addsf3.o)
 __c30_signature
                  0x000030          0x6 c:/microchip/mplab_c30/bin/bin/../../lib\libm-coff.a(mulsf3.o)
 __c30_signature
                  0x000036          0x6 c:/microchip/mplab_c30/bin/bin/../../lib\libm-coff.a(divsf3.o)
 __c30_signature
                  0x00003c          0x6 c:/microchip/mplab_c30/bin/bin/../../lib\libm-coff.a(fixsfsi.o)
 __c30_signature
                  0x000042          0x6 c:/microchip/mplab_c30/bin/bin/../../lib\libm-coff.a(sinf.o)
 __c30_signature
                  0x000048          0x6 c:/microchip/mplab_c30/bin/bin/../../lib\libm-coff.a(fgtge.o)
 __c30_signature
                  0x00004e          0x6 c:/microchip/mplab_c30/bin/bin/../../lib\libm-coff.a(fixunssfsi.o)
 __c30_signature
                  0x000054          0x6 c:/microchip/mplab_c30/bin/bin/../../lib\libm-coff.a(fpack.o)
 __c30_signature
                  0x00005a          0x6 c:/microchip/mplab_c30/bin/bin/../../lib\libm-coff.a(funpack2.o)
 __c30_signature
                  0x000060          0x6 c:/microchip/mplab_c30/bin/bin/../../lib\libm-coff.a(futil.o)
 __c30_signature
                  0x000066          0x6 c:/microchip/mplab_c30/bin/bin/../../lib\libm-coff.a(funpack.o)
 __c30_signature
                  0x00006c          0x6 c:/microchip/mplab_c30/bin/bin/../../lib\libm-coff.a(sincosf.o)
 __c30_signature
                  0x000072          0x6 c:/microchip/mplab_c30/bin/bin/../../lib\libm-coff.a(fcompare.o)
 __c30_signature
                  0x000078          0x6 c:/microchip/mplab_c30/bin/bin/../../lib\libm-coff.a(errno.o)
 __c30_signature
                  0x00007e          0x6 c:/microchip/mplab_c30/bin/bin/../../lib\libm-coff.a(feqltle.o)
 __c30_signature
                  0x000084          0x6 c:/microchip/mplab_c30/bin/bin/../../lib\libm-coff.a(fmodf.o)
 __c30_signature
                  0x00008a          0x6 c:/microchip/mplab_c30/bin/bin/../../lib\libm-coff.a(fmodrem.o)
 __c30_signature
                  0x000090          0x6 c:/microchip/mplab_c30/bin/bin/../../lib\libc-coff.a(memset.XXo)
 __c30_signature
                  0x000096          0x6 c:/microchip/mplab_c30/bin/bin/../../lib\libc-coff.a(strcat.XXo)
 __c30_signature
                  0x00009c          0x6 c:/microchip/mplab_c30/bin/bin/../../lib\libc-coff.a(ltoa.XXo)
 __c30_signature
                  0x0000a2          0x6 c:/microchip/mplab_c30/bin/bin/../../lib\libc-coff.a(strlen.XXo)
 __c30_signature
                  0x0000a8          0x6 c:/microchip/mplab_c30/bin/bin/../../lib\libc-coff.a(strncmp.XXo)
 __c30_signature
                  0x0000ae          0x6 c:/microchip/mplab_c30/bin/bin/../../lib\libc-coff.a(atoi.XXo)
 __c30_signature
                  0x0000b4          0x6 c:/microchip/mplab_c30/bin/bin/../../lib\libc-coff.a(mktime.XXo)
 __c30_signature
                  0x0000ba          0x6 c:/microchip/mplab_c30/bin/bin/../../lib\libc-coff.a(strncat.XXo)
 __c30_signature
                  0x0000c0          0x6 c:/microchip/mplab_c30/bin/bin/../../lib\libm-coff.a(udivsi3.o)
 __c30_signature
                  0x0000c6          0x6 c:/microchip/mplab_c30/bin/bin/../../lib\libm-coff.a(umodsi3.o)
 __c30_signature
                  0x0000cc          0x6 c:/microchip/mplab_c30/bin/bin/../../lib\libm-coff.a(modsi3.o)
 __c30_signature
                  0x0000d2          0x6 c:/microchip/mplab_c30/bin/bin/../../lib\libm-coff.a(mulsi3.o)

.nbss               0x0800        0x136
 .nbss              0x0800        0x136 main.o
                    0x0800                  GPS_Info
                    0x0850                  GPS_Input
                    0x08a0                  GPS_tm
                    0x08b2                  ACfg0
                    0x08d2                  ACfg1
                    0x08f2                  PmuCfg2
                    0x0912                  E
                    0x091a                  T
                    0x0922                  M
                    0x0926                  IC2Data
                    0x092e                  IC1Data

.ndata              0x0936         0xae
 .ndata             0x0936         0xae main.o
                    0x0936                  THIS_VER
                    0x0938                  SERIAL_NBR
                    0x093a                  GPS_PPSCount
                    0x093c                  GPS_Time
                    0x0940                  Prog_Mode
                    0x0941                  Prog_PrevMode
                    0x0942                  Diag_PrevMode
                    0x0944                  Data_PrevMode
                    0x0946                  Data_Eol
                    0x0948                  Field_Delimit
                    0x094a                  T1Overflow
                    0x094c                  T2Overflow
                    0x094e                  T3Overflow
                    0x0950                  Msg_Id
                    0x0954                  PmuSoc
                    0x0958                  PmuFracSec
                    0x095c                  IC2Count
                    0x095e                  IC1Count
                    0x0960                  Frequency
                    0x0964                  Magnitude
                    0x0968                  PhaseAng
                    0x096c                  Crc16
                    0x096e                  szSendxxx
                    0x0980                  IFrameSz
                    0x0982                  IDCode
                    0x0984                  ICmd
                    0x0986                  IExtFrame
                    0x0987                  szInt0xxx
                    0x0998                  m_E0
                    0x099c                  icidx
                    0x099e                  szIC1xxx
                    0x09af                  szIC2xxx
                    0x09c0                  szUTXxxx
                    0x09d1                  szTimexxx
                    0x09e2                  PTxBreak

.nbss               0x09e4         0x10
 .nbss              0x09e4         0x10 RS232.o
                    0x09e4                  R1xIndex
                    0x09e6                  R1xData
                    0x09ec                  R2xIndex
                    0x09ee                  R2xData

.ndata              0x09f4          0xc
 .ndata             0x09f4          0xc RS232.o
                    0x09f4                  R1xRdy
                    0x09f6                  R1xBufMax
                    0x09f8                  R1xByte
                    0x09fa                  R2xRdy
                    0x09fc                  R2xBufMax
                    0x09fe                  R2xByte

.nbss               0x0a00          0x2
 .nbss              0x0a00          0x2 c:/microchip/mplab_c30/bin/bin/../../lib\libm-coff.a(errno.o)
                    0x0a00                  errno

.const              0x8968        0x104 load address 0x000968  
 .const             0x8968        0x104 main.o

.text             0x000a6c       0x33f2
 .text            0x000a6c       0x3020 main.o
                  0x000a6c                  EGet_Config
                  0x000d7a                  ESave_Config
                  0x000e24                  IO_Init
                  0x000e74                  INTx_Init
                  0x000e90                  Timer_Init
                  0x001236                  InCap_Init
                  0x0012d6                  Send_PHzData
                  0x00169c                  Send_PmuData
                  0x001c98                  _INT0Interrupt
                  0x001e00                  _T1Interrupt
                  0x00200e                  _T3Interrupt
                  0x002020                  _IC1Interrupt
                  0x0020b0                  _IC2Interrupt
                  0x002152                  UART1_Init
                  0x002196                  UART2_Init
                  0x0021fa                  Wait4Me
                  0x002212                  main
                  0x002312                  Prog_Reset
                  0x002382                  Full_Stop
                  0x00239a                  U1TX_Eol
                  0x0023c2                  Calc_CRC
                  0x002426                  Tx_PmuHeader
                  0x002722                  Tx_PmuCfg
                  0x002c24                  Tx_Ping
                  0x002c8a                  Tx_Config
                  0x002dc8                  Rx_Config
                  0x002ea0                  Set_DiagMode
                  0x0030fa                  URX1_Proc
                  0x00382a                  GPS_GetInfo
                  0x003986                  GPS_TxInfo
                  0x0039c2                  RS_Passthru
 .text            0x003a8c        0x3d2 RS232.o
                  0x003a8c                  _U1RXInterrupt
                  0x003ad0                  _U2RXInterrupt
                  0x003b14                  BusyUART1
                  0x003b22                  CloseUART1
                  0x003b34                  ConfigIntUART1
                  0x003b9e                  DataRdyUART1
                  0x003baa                  GetsUART1
                  0x003c12                  OpenUART1
                  0x003c2a                  PutsUART1
                  0x003c78                  ReadUART1
                  0x003c96                  WriteUART1
                  0x003cba                  BusyUART2
                  0x003cc8                  CloseUART2
                  0x003cda                  ConfigIntUART2
                  0x003d42                  DataRdyUART2
                  0x003d4e                  GetsUART2
                  0x003db6                  OpenUART2
                  0x003dce                  PutsUART2
                  0x003e1c                  ReadUART2
                  0x003e3a                  WriteUART2

.dinit            0x003e5e         0x9c
 .dinit           0x003e5e         0x9c data_init

.isr              0x003efa          0x4
 .isr             0x003efa          0x4 default_isr
                  0x003efa                  _DefaultInterrupt

_0348370051923d59
                    0xfc00        0x400 load address 0x7ffc00  
 _0348370051923d59
                    0xfc00        0x400 main.o
                    0xfc00                  EE_DataAry
