Microchip Technology Inc, vv3_24 (A) 1

Tool Name:
  c:\mplab\c30\bin\bin\..\bin/pic30-coff-ld.exe

Command:
  -p30F3012 \
  -oPHzSensor_10.cof \
  -Lc:/mplab/c30/bin/bin/.. \
  -Lc:/mplab/c30/bin/bin/../../lib \
  -Lc:/mplab/c30/bin/bin/../../support/generic/gld \
  -Lc:/mplab/c30/bin/bin/../../lib/PIC24F \
  -Lc:/mplab/c30/bin/bin/../../support/PIC24F/gld \
  -Lc:/mplab/c30/bin/bin/../../lib/PIC24H \
  -Lc:/mplab/c30/bin/bin/../../support/PIC24H/gld \
  -Lc:/mplab/c30/bin/bin/../../lib/dsPIC30F \
  -Lc:/mplab/c30/bin/bin/../../support/dsPIC30F/gld \
  -Lc:/mplab/c30/bin/bin/../../lib/dsPIC33F \
  -Lc:/mplab/c30/bin/bin/../../support/dsPIC33F/gld \
  itoa.o \
  main.o \
  RS232.o \
  -Tp30f3012.gld.00 \
  --defsym=__MPLAB_BUILD=1 \
  -Map=PHzSensor_10.map \
  --report-mem \
  -start-group \
  --library=pic30-coff \
  --library=m-coff \
  --library=c-coff \
  -end-group \

Archive member included because of file (symbol)

c:/mplab/c30/bin/bin/../../lib\libpic30-coff.a(crt0_standard.o)
                              (_resetPRI)
c:/mplab/c30/bin/bin/../../lib\libpic30-coff.a(memcpy_helper.o)
                              main.o (_memcpy_helper)
c:/mplab/c30/bin/bin/../../lib\libpic30-coff.a(eedata_helper.o)
                              main.o (_eedata_helper1)
c:/mplab/c30/bin/bin/../../lib\libpic30-coff.a(data_init_standard.o)
                              c:/mplab/c30/bin/bin/../../lib\libpic30-coff.a(crt0_standard.o) (_data_init_standard)
c:/mplab/c30/bin/bin/../../lib\libm-coff.a(modsi3.o)
                              itoa.o (__modsi3)
c:/mplab/c30/bin/bin/../../lib\libm-coff.a(divsi3.o)
                              itoa.o (__divsi3)
c:/mplab/c30/bin/bin/../../lib\libm-coff.a(floatsisf.o)
                              main.o (__floatsisf)
c:/mplab/c30/bin/bin/../../lib\libm-coff.a(addsf3.o)
                              main.o (__subsf3)
c:/mplab/c30/bin/bin/../../lib\libm-coff.a(mulsf3.o)
                              main.o (__mulsf3)
c:/mplab/c30/bin/bin/../../lib\libm-coff.a(divsf3.o)
                              main.o (__divsf3)
c:/mplab/c30/bin/bin/../../lib\libm-coff.a(fixsfsi.o)
                              main.o (__fixsfsi)
c:/mplab/c30/bin/bin/../../lib\libm-coff.a(sinf.o)
                              main.o (sinf)
c:/mplab/c30/bin/bin/../../lib\libm-coff.a(fgtge.o)
                              main.o (__gtsf2)
c:/mplab/c30/bin/bin/../../lib\libm-coff.a(feqltle.o)
                              main.o (__ltsf2)
c:/mplab/c30/bin/bin/../../lib\libm-coff.a(umodsi3.o)
                              c:/mplab/c30/bin/bin/../../lib\libm-coff.a(modsi3.o) (__umodsi3)
c:/mplab/c30/bin/bin/../../lib\libm-coff.a(udivsi3.o)
                              c:/mplab/c30/bin/bin/../../lib\libm-coff.a(divsi3.o) (__udivsi3)
c:/mplab/c30/bin/bin/../../lib\libm-coff.a(fpack.o)
                              c:/mplab/c30/bin/bin/../../lib\libm-coff.a(floatsisf.o) (_fpack)
c:/mplab/c30/bin/bin/../../lib\libm-coff.a(funpack2.o)
                              c:/mplab/c30/bin/bin/../../lib\libm-coff.a(addsf3.o) (_funpack2)
c:/mplab/c30/bin/bin/../../lib\libm-coff.a(futil.o)
                              c:/mplab/c30/bin/bin/../../lib\libm-coff.a(addsf3.o) (_fPropagateNaN)
c:/mplab/c30/bin/bin/../../lib\libm-coff.a(funpack.o)
                              c:/mplab/c30/bin/bin/../../lib\libm-coff.a(fixsfsi.o) (_funpack)
c:/mplab/c30/bin/bin/../../lib\libm-coff.a(sincosf.o)
                              c:/mplab/c30/bin/bin/../../lib\libm-coff.a(sinf.o) (_sincosf)
c:/mplab/c30/bin/bin/../../lib\libm-coff.a(fcompare.o)
                              c:/mplab/c30/bin/bin/../../lib\libm-coff.a(fgtge.o) (_fcompare)
c:/mplab/c30/bin/bin/../../lib\libm-coff.a(errno.o)
                              c:/mplab/c30/bin/bin/../../lib\libm-coff.a(sincosf.o) (errno)
c:/mplab/c30/bin/bin/../../lib\libm-coff.a(fmodf.o)
                              c:/mplab/c30/bin/bin/../../lib\libm-coff.a(sincosf.o) (fmodf)
c:/mplab/c30/bin/bin/../../lib\libm-coff.a(fmodrem.o)
                              c:/mplab/c30/bin/bin/../../lib\libm-coff.a(fmodf.o) (_fmodrem)
c:/mplab/c30/bin/bin/../../lib\libc-coff.a(memset.o)
                              main.o (memset)
c:/mplab/c30/bin/bin/../../lib\libc-coff.a(strcat.o)
                              main.o (strcat)
c:/mplab/c30/bin/bin/../../lib\libc-coff.a(strlen.o)
                              main.o (strlen)


Selected CodeGuard Options:
  FGS:GCP:CODE_PROT_OFF

CodeGuard FLASH Memory:
  boot    (none)
  secure  (none)
  general 0x100 to 0x3ffe

CodeGuard RAM Memory:
  general 0x800 to 0xfff
  secure  (none)
  boot    (none)

CodeGuard EEPROM Memory:
  general 0x7ffc00 to 0x7fffff
  secure  (none)
  boot    (none)


Program Memory  [Origin = 0x100, Length = 0x3f00]

section                    address   length (PC units)   length (bytes) (dec)
-------                    -------   -----------------   --------------------
.text                        0x100               0x64e           0x975  (2421)
.const                       0x74e               0x122           0x1b3  (435)
.text                        0x870              0x32e2          0x4c53  (19539)
.dinit                      0x3b52                0x4e            0x75  (117)

                     Total program memory used (bytes):         0x57f0  (22512) 93%


Data EEPROM Memory  [Origin = 0x7ffc00, Length = 0x400]

section                    address   length (PC units)   length (bytes) (dec)
-------                    -------   -----------------   --------------------
_01bfd7004d77fbd8         0x7ffc00               0x400           0x400  (1024)

                        Total data EEPROM used (bytes):          0x400  (1024) 100%


Data Memory  [Origin = 0x800, Length = 0x800]

section                    address      alignment gaps    total length  (dec)
-------                    -------      --------------    -------------------
.nbss                        0x800                   0            0xa4  (164)
.ndata                       0x8a4                   0            0x3a  (58)
.nbss                        0x8de                   0            0x18  (24)
.ndata                       0x8f6                   0             0x8  (8)
.nbss                        0x8fe                   0             0x2  (2)

                        Total data memory used (bytes):          0x100  (256) 12%


Dynamic Memory Usage

region                     address                      maximum length  (dec)
------                     -------                      ---------------------
heap                             0                                   0  (0)
stack                        0x900                               0x700  (1792)

                        Maximum dynamic memory (bytes):          0x700  (1792)


External Symbols in Data Memory (by address):

                    0x0800                  _ACfg0
                    0x0820                  _ACfg1
                    0x0840                  _PmuCfg2
                    0x0860                  _PHzCfg3
                    0x0880                  _E
                    0x0888                  _T
                    0x0890                  _M
                    0x0894                  _IC2Data
                    0x089c                  _IC1Data
                    0x08a4                  _SENSOR_VER
                    0x08a6                  _SERIAL_NBR
                    0x08a8                  _Prog_Mode
                    0x08a9                  _Prog_PrevMode
                    0x08aa                  _Diag_PrevMode
                    0x08ac                  _Data_Eol
                    0x08ae                  _Field_Delimit
                    0x08b0                  _T1Overflow
                    0x08b2                  _T2Overflow
                    0x08b4                  _T3Overflow
                    0x08b6                  _Msg_Id
                    0x08ba                  _PmuSoc
                    0x08be                  _PmuFracSec
                    0x08c2                  _IC2Count
                    0x08c4                  _IC1Count
                    0x08c6                  _Frequency
                    0x08ca                  _Magnitude
                    0x08ce                  _PhaseAng
                    0x08d2                  _Crc16
                    0x08d4                  _IFrameSz
                    0x08d6                  _IDCode
                    0x08d8                  _ICmd
                    0x08da                  _IExtFrame
                    0x08dc                  _icidx
                    0x08de                  _R1xIndex
                    0x08e0                  _R1xData
                    0x08ea                  _R2xIndex
                    0x08ec                  _R2xData
                    0x08f6                  _R1xRdy
                    0x08f8                  _R1xByte
                    0x08fa                  _R2xRdy
                    0x08fc                  _R2xByte

External Symbols in Data Memory (by name):

                    0x0800                  _ACfg0
                    0x0820                  _ACfg1
                    0x08d2                  _Crc16
                    0x08ac                  _Data_Eol
                    0x08aa                  _Diag_PrevMode
                    0x0880                  _E
                    0x08ae                  _Field_Delimit
                    0x08c6                  _Frequency
                    0x08c4                  _IC1Count
                    0x089c                  _IC1Data
                    0x08c2                  _IC2Count
                    0x0894                  _IC2Data
                    0x08d8                  _ICmd
                    0x08d6                  _IDCode
                    0x08da                  _IExtFrame
                    0x08d4                  _IFrameSz
                    0x0890                  _M
                    0x08ca                  _Magnitude
                    0x08b6                  _Msg_Id
                    0x0860                  _PHzCfg3
                    0x08ce                  _PhaseAng
                    0x0840                  _PmuCfg2
                    0x08be                  _PmuFracSec
                    0x08ba                  _PmuSoc
                    0x08a8                  _Prog_Mode
                    0x08a9                  _Prog_PrevMode
                    0x08f8                  _R1xByte
                    0x08e0                  _R1xData
                    0x08de                  _R1xIndex
                    0x08f6                  _R1xRdy
                    0x08fc                  _R2xByte
                    0x08ec                  _R2xData
                    0x08ea                  _R2xIndex
                    0x08fa                  _R2xRdy
                    0x08a4                  _SENSOR_VER
                    0x08a6                  _SERIAL_NBR
                    0x0888                  _T
                    0x08b0                  _T1Overflow
                    0x08b2                  _T2Overflow
                    0x08b4                  _T3Overflow
                    0x08dc                  _icidx

External Symbols in Data EEPROM (by address):

                  0x7ffc00                  _EE_DataAry

External Symbols in Data EEPROM (by name):

                  0x7ffc00                  _EE_DataAry

External Symbols in Program Memory (by address):

                  0x000100                  __resetPRI
                  0x000122                  __psv_init
                  0x000132                  __data_init_standard
                  0x000132                  __data_init
                  0x000190                  __memcpy_helper
                  0x0001c6                  __eedata_helper1
                  0x0001f0                  __eedata_helper2
                  0x0001f8                  __eedata_helper3
                  0x000204                  __eedata_helper4
                  0x000216                  _memset
                  0x000224                  _strcat
                  0x000242                  _strlen
                  0x000250                  ___modsi3
                  0x00026e                  ___divsi3
                  0x00028c                  ___floatsisf
                  0x0002e2                  ___subsf3
                  0x0002e4                  ___addsf3
                  0x00039e                  ___mulsf3
                  0x000406                  ___divsf3
                  0x00048a                  ___fixsfsi
                  0x0004cc                  _sinf
                  0x0004d0                  ___gesf2
                  0x0004d0                  ___gtsf2
                  0x0004d4                  ___ltsf2
                  0x0004d4                  ___eqsf2
                  0x0004d4                  ___lesf2
                  0x0004d8                  ___umodsi3
                  0x0004de                  ___udivsi3
                  0x0004fe                  __fpack
                  0x00054a                  __funpack2
                  0x00055a                  __fPropagateNaN
                  0x00056c                  __fbopExit
                  0x000574                  __fbopReturnNaN
                  0x00057a                  __funpack
                  0x0005a4                  __sincosf
                  0x000676                  __fcompare
                  0x0006ac                  _fmodf
                  0x0006b0                  __fmodrem
                  0x000870                  __AddressError
                  0x00087a                  __StackError
                  0x000884                  __DefaultInterrupt
                  0x00088a                  _EGet_Config
                  0x000ce4                  _ESave_Config
                  0x000de2                  _IO_Init
                  0x000e1e                  _INTx_Init
                  0x000e3a                  __INT0Interrupt
                  0x000f10                  _Timer_Init
                  0x0012aa                  _InCap_Init
                  0x00133a                  _Send_PHzData
                  0x0016ca                  _Send_PmuData
                  0x001ccc                  __T1Interrupt
                  0x001de2                  __T3Interrupt
                  0x001e20                  __IC1Interrupt
                  0x001ef6                  __IC2Interrupt
                  0x001fd4                  _UART1_Init
                  0x002018                  _Wait4Me
                  0x002030                  _main
                  0x0020de                  _Prog_Reset
                  0x002110                  _Full_Stop
                  0x002128                  _U1TX_Eol
                  0x002150                  _Calc_CRC
                  0x0021b4                  _Tx_PmuHeader
                  0x0024aa                  _Tx_PmuCfg
                  0x0029ac                  _Tx_Ping
                  0x002a06                  _Tx_Config
                  0x002b8e                  _Rx_Config
                  0x002c80                  _Set_DiagMode
                  0x002f9a                  _URX1_Proc
                  0x003650                  _Proc_Ctrl
                  0x0038ea                  __U1RXInterrupt
                  0x003910                  _BusyUART1
                  0x00391e                  _CloseUART1
                  0x003930                  _ConfigIntUART1
                  0x00399a                  _DataRdyUART1
                  0x0039a6                  _GetsUART1
                  0x003a0e                  _OpenUART1
                  0x003a26                  _PutsUART1
                  0x003a74                  _ReadUART1
                  0x003a92                  _WriteUART1
                  0x003ab6                  _itoa
                  0xf8000a                  __FGS.sec

External Symbols in Program Memory (by name):

                  0x003910                  _BusyUART1
                  0x002150                  _Calc_CRC
                  0x00391e                  _CloseUART1
                  0x003930                  _ConfigIntUART1
                  0x00399a                  _DataRdyUART1
                  0x00088a                  _EGet_Config
                  0x000ce4                  _ESave_Config
                  0x002110                  _Full_Stop
                  0x0039a6                  _GetsUART1
                  0x000e1e                  _INTx_Init
                  0x000de2                  _IO_Init
                  0x0012aa                  _InCap_Init
                  0x003a0e                  _OpenUART1
                  0x003650                  _Proc_Ctrl
                  0x0020de                  _Prog_Reset
                  0x003a26                  _PutsUART1
                  0x003a74                  _ReadUART1
                  0x002b8e                  _Rx_Config
                  0x00133a                  _Send_PHzData
                  0x0016ca                  _Send_PmuData
                  0x002c80                  _Set_DiagMode
                  0x000f10                  _Timer_Init
                  0x002a06                  _Tx_Config
                  0x0029ac                  _Tx_Ping
                  0x0024aa                  _Tx_PmuCfg
                  0x0021b4                  _Tx_PmuHeader
                  0x002128                  _U1TX_Eol
                  0x001fd4                  _UART1_Init
                  0x002f9a                  _URX1_Proc
                  0x002018                  _Wait4Me
                  0x003a92                  _WriteUART1
                  0x000870                  __AddressError
                  0x000884                  __DefaultInterrupt
                  0xf8000a                  __FGS.sec
                  0x001e20                  __IC1Interrupt
                  0x001ef6                  __IC2Interrupt
                  0x000e3a                  __INT0Interrupt
                  0x00087a                  __StackError
                  0x001ccc                  __T1Interrupt
                  0x001de2                  __T3Interrupt
                  0x0038ea                  __U1RXInterrupt
                  0x0002e4                  ___addsf3
                  0x000406                  ___divsf3
                  0x00026e                  ___divsi3
                  0x0004d4                  ___eqsf2
                  0x00048a                  ___fixsfsi
                  0x00028c                  ___floatsisf
                  0x0004d0                  ___gesf2
                  0x0004d0                  ___gtsf2
                  0x0004d4                  ___lesf2
                  0x0004d4                  ___ltsf2
                  0x000250                  ___modsi3
                  0x00039e                  ___mulsf3
                  0x0002e2                  ___subsf3
                  0x0004de                  ___udivsi3
                  0x0004d8                  ___umodsi3
                  0x000132                  __data_init
                  0x000132                  __data_init_standard
                  0x0001c6                  __eedata_helper1
                  0x0001f0                  __eedata_helper2
                  0x0001f8                  __eedata_helper3
                  0x000204                  __eedata_helper4
                  0x00055a                  __fPropagateNaN
                  0x00056c                  __fbopExit
                  0x000574                  __fbopReturnNaN
                  0x000676                  __fcompare
                  0x0006b0                  __fmodrem
                  0x0004fe                  __fpack
                  0x00057a                  __funpack
                  0x00054a                  __funpack2
                  0x000190                  __memcpy_helper
                  0x000122                  __psv_init
                  0x000100                  __resetPRI
                  0x0005a4                  __sincosf
                  0x0006ac                  _fmodf
                  0x003ab6                  _itoa
                  0x002030                  _main
                  0x000216                  _memset
                  0x0004cc                  _sinf
                  0x000224                  _strcat
                  0x000242                  _strlen

Memory Configuration

Name             Origin             Length             Attributes
data             0x000800           0x000800           a !xr
program          0x000100           0x003f00           xr
reset            0x000000           0x000004  
ivt              0x000004           0x00007c  
aivt             0x000084           0x00007c  
__FOSC           0xf80000           0x000002  
__FWDT           0xf80002           0x000002  
__FBORPOR        0xf80004           0x000002  
__CONFIG4        0xf80006           0x000002  
__CONFIG5        0xf80008           0x000002  
__FGS            0xf8000a           0x000002  
__FICD           0xf8000c           0x000002  
__FUID0          0x8005c0           0x000002  
__FUID1          0x8005c2           0x000002  
__FUID2          0x8005c4           0x000002  
__FUID3          0x8005c6           0x000002  
eedata           0x7ffc00           0x000400  
*default*        0x000000           0xffffffff  

Linker script and memory map

LOAD itoa.o
LOAD main.o
LOAD RS232.o
LOAD c:/mplab/c30/bin/bin/../../lib/dsPIC30F\libp30F3012-coff.a
                    0x0001                  __NO_HANDLES = 0x1
                    0xf80000                  __FOSC = 0xf80000
                    0xf80002                  __FWDT = 0xf80002
                    0xf80004                  __FBORPOR = 0xf80004
                    0xf80006                  __CONFIG4 = 0xf80006
                    0xf80008                  __CONFIG5 = 0xf80008
                    0xf8000a                  __FGS = 0xf8000a
                    0xf8000c                  __FICD = 0xf8000c
                    0x8005c0                  __FUID0 = 0x8005c0
                    0x8005c2                  __FUID1 = 0x8005c2
                    0x8005c4                  __FUID2 = 0x8005c4
                    0x8005c6                  __FUID3 = 0x8005c6
                    0x0000                  __RESET_BASE = 0x0
                    0x0004                  __IVT_BASE = 0x4
                    0x0084                  __AIVT_BASE = 0x84
                    0x0100                  __CODE_BASE = 0x100
                    0x0000                  __SFR_BASE = 0x0
                    0x0800                  __DATA_BASE = 0x800
                    0x0c00                  __YDATA_BASE = 0xc00

.reset            0x000000          0x4
                  0x000000          0x2 SHORT 0x100 <code 339> (__reset)
                  0x000001          0x2 SHORT 0x4
                  0x000002          0x2 SHORT 0x0 ((<code 339> (__reset) >> 0x10) & 0x7f)
                  0x000003          0x2 SHORT 0x0

.text             0x000100        0x64e
 *(.init)
 .init            0x000100         0x32 c:/mplab/c30/bin/bin/../../lib\libpic30-coff.a(crt0_standard.o)
                  0x000100                  _resetPRI
                  0x000100                  _reset
                  0x000122                  _psv_init
 .init            0x000132         0x5e c:/mplab/c30/bin/bin/../../lib\libpic30-coff.a(data_init_standard.o)
                  0x000132                  _data_init_standard
                  0x000132                  _data_init
 *(.user_init)
 *(.handle)
 *(.libc)
 .libc            0x000190         0x36 c:/mplab/c30/bin/bin/../../lib\libpic30-coff.a(memcpy_helper.o)
                  0x000190                  _memcpy_helper
 .libc            0x0001c6         0x50 c:/mplab/c30/bin/bin/../../lib\libpic30-coff.a(eedata_helper.o)
                  0x0001c6                  _eedata_helper1
                  0x0001f0                  _eedata_helper2
                  0x0001f8                  _eedata_helper3
                  0x000204                  _eedata_helper4
 .libc            0x000216          0xe c:/mplab/c30/bin/bin/../../lib\libc-coff.a(memset.o)
                  0x000216                  memset
 .libc            0x000224         0x1e c:/mplab/c30/bin/bin/../../lib\libc-coff.a(strcat.o)
                  0x000224                  strcat
 .libc            0x000242          0xe c:/mplab/c30/bin/bin/../../lib\libc-coff.a(strlen.o)
                  0x000242                  strlen
 *(.libm)
 .libm            0x000250         0x1e c:/mplab/c30/bin/bin/../../lib\libm-coff.a(modsi3.o)
                  0x000250                  __modsi3
 .libm            0x00026e         0x1e c:/mplab/c30/bin/bin/../../lib\libm-coff.a(divsi3.o)
                  0x00026e                  __divsi3
 .libm            0x00028c         0x56 c:/mplab/c30/bin/bin/../../lib\libm-coff.a(floatsisf.o)
                  0x00028c                  __floatsisf
 .libm            0x0002e2         0xbc c:/mplab/c30/bin/bin/../../lib\libm-coff.a(addsf3.o)
                  0x0002e2                  __subsf3
                  0x0002e4                  __addsf3
 .libm            0x00039e         0x68 c:/mplab/c30/bin/bin/../../lib\libm-coff.a(mulsf3.o)
                  0x00039e                  __mulsf3
 .libm            0x000406         0x84 c:/mplab/c30/bin/bin/../../lib\libm-coff.a(divsf3.o)
                  0x000406                  __divsf3
 .libm            0x00048a         0x42 c:/mplab/c30/bin/bin/../../lib\libm-coff.a(fixsfsi.o)
                  0x00048a                  __fixsfsi
 .libm            0x0004cc          0x4 c:/mplab/c30/bin/bin/../../lib\libm-coff.a(sinf.o)
                  0x0004cc                  sinf
 .libm            0x0004d0          0x4 c:/mplab/c30/bin/bin/../../lib\libm-coff.a(fgtge.o)
                  0x0004d0                  __gesf2
                  0x0004d0                  __gtsf2
 .libm            0x0004d4          0x4 c:/mplab/c30/bin/bin/../../lib\libm-coff.a(feqltle.o)
                  0x0004d4                  __eqsf2
                  0x0004d4                  __ltsf2
                  0x0004d4                  __lesf2
 .libm            0x0004d8          0x6 c:/mplab/c30/bin/bin/../../lib\libm-coff.a(umodsi3.o)
                  0x0004d8                  __umodsi3
 .libm            0x0004de         0x20 c:/mplab/c30/bin/bin/../../lib\libm-coff.a(udivsi3.o)
                  0x0004de                  __udivsi3
 .libm            0x0004fe         0x4c c:/mplab/c30/bin/bin/../../lib\libm-coff.a(fpack.o)
                  0x0004fe                  _fpack
 .libm            0x00054a         0x10 c:/mplab/c30/bin/bin/../../lib\libm-coff.a(funpack2.o)
                  0x00054a                  _funpack2
 .libm            0x00055a         0x20 c:/mplab/c30/bin/bin/../../lib\libm-coff.a(futil.o)
                  0x00055a                  _fPropagateNaN
                  0x00056c                  _fbopExit
                  0x000574                  _fbopReturnNaN
 .libm            0x00057a         0x2a c:/mplab/c30/bin/bin/../../lib\libm-coff.a(funpack.o)
                  0x00057a                  _funpack
 .libm            0x0005a4         0xd2 c:/mplab/c30/bin/bin/../../lib\libm-coff.a(sincosf.o)
                  0x0005a4                  _sincosf
 .libm            0x000676         0x36 c:/mplab/c30/bin/bin/../../lib\libm-coff.a(fcompare.o)
                  0x000676                  _fcompare
 .libm            0x0006ac          0x4 c:/mplab/c30/bin/bin/../../lib\libm-coff.a(fmodf.o)
                  0x0006ac                  fmodf
 .libm            0x0006b0         0x9e c:/mplab/c30/bin/bin/../../lib\libm-coff.a(fmodrem.o)
                  0x0006b0                  _fmodrem
 *(.libdsp)
 *(.lib*)

usercode
 *(usercode)

__FOSC            0xf80000          0x2
 *(__FOSC.sec)
 __FOSC.sec       0xf80000          0x2 main.o

__FWDT            0xf80002          0x2
 *(__FWDT.sec)
 __FWDT.sec       0xf80002          0x2 main.o

__FBORPOR         0xf80004          0x2
 *(__FBORPOR.sec)
 __FBORPOR.sec    0xf80004          0x2 main.o

__CONFIG4
 *(__CONFIG4.sec)

__CONFIG5
 *(__CONFIG5.sec)

__FGS             0xf8000a          0x2
 *(__FGS.sec)
 __FGS.sec        0xf8000a          0x2 FGS
                  0xf8000a                  _FGS.sec

__FICD
 *(__FICD.sec)

__FUID0
 *(__FUID0.sec)

__FUID1
 *(__FUID1.sec)

__FUID2
 *(__FUID2.sec)

__FUID3
 *(__FUID3.sec)

user_eedata
 *(user_eedata)

userdata
 *(userdata)

.comment
 *(.comment)

.debug_info
 *(.debug_info)
 *(.gnu.linkonce.wi.*)

.debug_abbrev
 *(.debug_abbrev)

.debug_line
 *(.debug_line)

.debug_frame
 *(.debug_frame)

.debug_str
 *(.debug_str)

.debug_loc
 *(.debug_loc)

.debug_macinfo
 *(.debug_macinfo)

.debug_pubnames
 *(.debug_pubnames)

.debug_ranges
 *(.debug_ranges)

.debug_aranges
 *(.debug_aranges)

.ivt              0x000004         0x7c
                  0x000004          0x4 LONG 0x884 DEFINED (__ReservedTrap0)?<code 339> (__ReservedTrap0):<code 339> (__DefaultInterrupt)
                  0x000006          0x4 LONG 0x884 DEFINED (__OscillatorFail)?<code 339> (__OscillatorFail):<code 339> (__DefaultInterrupt)
                  0x000008          0x4 LONG 0x870 DEFINED (__AddressError)?<code 339> (__AddressError):<code 339> (__DefaultInterrupt)
                  0x00000a          0x4 LONG 0x87a DEFINED (__StackError)?<code 339> (__StackError):<code 339> (__DefaultInterrupt)
                  0x00000c          0x4 LONG 0x884 DEFINED (__MathError)?<code 339> (__MathError):<code 339> (__DefaultInterrupt)
                  0x00000e          0x4 LONG 0x884 DEFINED (__ReservedTrap5)?<code 339> (__ReservedTrap5):<code 339> (__DefaultInterrupt)
                  0x000010          0x4 LONG 0x884 DEFINED (__ReservedTrap6)?<code 339> (__ReservedTrap6):<code 339> (__DefaultInterrupt)
                  0x000012          0x4 LONG 0x884 DEFINED (__ReservedTrap7)?<code 339> (__ReservedTrap7):<code 339> (__DefaultInterrupt)
                  0x000014          0x4 LONG 0xe3a DEFINED (__INT0Interrupt)?<code 339> (__INT0Interrupt):<code 339> (__DefaultInterrupt)
                  0x000016          0x4 LONG 0x1e20 DEFINED (__IC1Interrupt)?<code 339> (__IC1Interrupt):<code 339> (__DefaultInterrupt)
                  0x000018          0x4 LONG 0x884 DEFINED (__OC1Interrupt)?<code 339> (__OC1Interrupt):<code 339> (__DefaultInterrupt)
                  0x00001a          0x4 LONG 0x1ccc DEFINED (__T1Interrupt)?<code 339> (__T1Interrupt):<code 339> (__DefaultInterrupt)
                  0x00001c          0x4 LONG 0x1ef6 DEFINED (__IC2Interrupt)?<code 339> (__IC2Interrupt):<code 339> (__DefaultInterrupt)
                  0x00001e          0x4 LONG 0x884 DEFINED (__OC2Interrupt)?<code 339> (__OC2Interrupt):<code 339> (__DefaultInterrupt)
                  0x000020          0x4 LONG 0x884 DEFINED (__T2Interrupt)?<code 339> (__T2Interrupt):<code 339> (__DefaultInterrupt)
                  0x000022          0x4 LONG 0x1de2 DEFINED (__T3Interrupt)?<code 339> (__T3Interrupt):<code 339> (__DefaultInterrupt)
                  0x000024          0x4 LONG 0x884 DEFINED (__SPI1Interrupt)?<code 339> (__SPI1Interrupt):<code 339> (__DefaultInterrupt)
                  0x000026          0x4 LONG 0x38ea DEFINED (__U1RXInterrupt)?<code 339> (__U1RXInterrupt):<code 339> (__DefaultInterrupt)
                  0x000028          0x4 LONG 0x884 DEFINED (__U1TXInterrupt)?<code 339> (__U1TXInterrupt):<code 339> (__DefaultInterrupt)
                  0x00002a          0x4 LONG 0x884 DEFINED (__ADCInterrupt)?<code 339> (__ADCInterrupt):<code 339> (__DefaultInterrupt)
                  0x00002c          0x4 LONG 0x884 DEFINED (__NVMInterrupt)?<code 339> (__NVMInterrupt):<code 339> (__DefaultInterrupt)
                  0x00002e          0x4 LONG 0x884 DEFINED (__SI2CInterrupt)?<code 339> (__SI2CInterrupt):<code 339> (__DefaultInterrupt)
                  0x000030          0x4 LONG 0x884 DEFINED (__MI2CInterrupt)?<code 339> (__MI2CInterrupt):<code 339> (__DefaultInterrupt)
                  0x000032          0x4 LONG 0x884 DEFINED (__CNInterrupt)?<code 339> (__CNInterrupt):<code 339> (__DefaultInterrupt)
                  0x000034          0x4 LONG 0x884 DEFINED (__INT1Interrupt)?<code 339> (__INT1Interrupt):<code 339> (__DefaultInterrupt)
                  0x000036          0x4 LONG 0x884 DEFINED (__IC7Interrupt)?<code 339> (__IC7Interrupt):<code 339> (__DefaultInterrupt)
                  0x000038          0x4 LONG 0x884 DEFINED (__IC8Interrupt)?<code 339> (__IC8Interrupt):<code 339> (__DefaultInterrupt)
                  0x00003a          0x4 LONG 0x884 DEFINED (__OC3Interrupt)?<code 339> (__OC3Interrupt):<code 339> (__DefaultInterrupt)
                  0x00003c          0x4 LONG 0x884 DEFINED (__OC4Interrupt)?<code 339> (__OC4Interrupt):<code 339> (__DefaultInterrupt)
                  0x00003e          0x4 LONG 0x884 DEFINED (__T4Interrupt)?<code 339> (__T4Interrupt):<code 339> (__DefaultInterrupt)
                  0x000040          0x4 LONG 0x884 DEFINED (__T5Interrupt)?<code 339> (__T5Interrupt):<code 339> (__DefaultInterrupt)
                  0x000042          0x4 LONG 0x884 DEFINED (__INT2Interrupt)?<code 339> (__INT2Interrupt):<code 339> (__DefaultInterrupt)
                  0x000044          0x4 LONG 0x884 DEFINED (__U2RXInterrupt)?<code 339> (__U2RXInterrupt):<code 339> (__DefaultInterrupt)
                  0x000046          0x4 LONG 0x884 DEFINED (__U2TXInterrupt)?<code 339> (__U2TXInterrupt):<code 339> (__DefaultInterrupt)
                  0x000048          0x4 LONG 0x884 DEFINED (__SPI2Interrupt)?<code 339> (__SPI2Interrupt):<code 339> (__DefaultInterrupt)
                  0x00004a          0x4 LONG 0x884 DEFINED (__C1Interrupt)?<code 339> (__C1Interrupt):<code 339> (__DefaultInterrupt)
                  0x00004c          0x4 LONG 0x884 DEFINED (__IC3Interrupt)?<code 339> (__IC3Interrupt):<code 339> (__DefaultInterrupt)
                  0x00004e          0x4 LONG 0x884 DEFINED (__IC4Interrupt)?<code 339> (__IC4Interrupt):<code 339> (__DefaultInterrupt)
                  0x000050          0x4 LONG 0x884 DEFINED (__IC5Interrupt)?<code 339> (__IC5Interrupt):<code 339> (__DefaultInterrupt)
                  0x000052          0x4 LONG 0x884 DEFINED (__IC6Interrupt)?<code 339> (__IC6Interrupt):<code 339> (__DefaultInterrupt)
                  0x000054          0x4 LONG 0x884 DEFINED (__OC5Interrupt)?<code 339> (__OC5Interrupt):<code 339> (__DefaultInterrupt)
                  0x000056          0x4 LONG 0x884 DEFINED (__OC6Interrupt)?<code 339> (__OC6Interrupt):<code 339> (__DefaultInterrupt)
                  0x000058          0x4 LONG 0x884 DEFINED (__OC7Interrupt)?<code 339> (__OC7Interrupt):<code 339> (__DefaultInterrupt)
                  0x00005a          0x4 LONG 0x884 DEFINED (__OC8Interrupt)?<code 339> (__OC8Interrupt):<code 339> (__DefaultInterrupt)
                  0x00005c          0x4 LONG 0x884 DEFINED (__INT3Interrupt)?<code 339> (__INT3Interrupt):<code 339> (__DefaultInterrupt)
                  0x00005e          0x4 LONG 0x884 DEFINED (__INT4Interrupt)?<code 339> (__INT4Interrupt):<code 339> (__DefaultInterrupt)
                  0x000060          0x4 LONG 0x884 DEFINED (__C2Interrupt)?<code 339> (__C2Interrupt):<code 339> (__DefaultInterrupt)
                  0x000062          0x4 LONG 0x884 DEFINED (__PWMInterrupt)?<code 339> (__PWMInterrupt):<code 339> (__DefaultInterrupt)
                  0x000064          0x4 LONG 0x884 DEFINED (__QEIInterrupt)?<code 339> (__QEIInterrupt):<code 339> (__DefaultInterrupt)
                  0x000066          0x4 LONG 0x884 DEFINED (__DCIInterrupt)?<code 339> (__DCIInterrupt):<code 339> (__DefaultInterrupt)
                  0x000068          0x4 LONG 0x884 DEFINED (__LVDInterrupt)?<code 339> (__LVDInterrupt):<code 339> (__DefaultInterrupt)
                  0x00006a          0x4 LONG 0x884 DEFINED (__FLTAInterrupt)?<code 339> (__FLTAInterrupt):<code 339> (__DefaultInterrupt)
                  0x00006c          0x4 LONG 0x884 DEFINED (__FLTBInterrupt)?<code 339> (__FLTBInterrupt):<code 339> (__DefaultInterrupt)
                  0x00006e          0x4 LONG 0x884 DEFINED (__Interrupt45)?<code 339> (__Interrupt45):<code 339> (__DefaultInterrupt)
                  0x000070          0x4 LONG 0x884 DEFINED (__Interrupt46)?<code 339> (__Interrupt46):<code 339> (__DefaultInterrupt)
                  0x000072          0x4 LONG 0x884 DEFINED (__Interrupt47)?<code 339> (__Interrupt47):<code 339> (__DefaultInterrupt)
                  0x000074          0x4 LONG 0x884 DEFINED (__Interrupt48)?<code 339> (__Interrupt48):<code 339> (__DefaultInterrupt)
                  0x000076          0x4 LONG 0x884 DEFINED (__Interrupt49)?<code 339> (__Interrupt49):<code 339> (__DefaultInterrupt)
                  0x000078          0x4 LONG 0x884 DEFINED (__Interrupt50)?<code 339> (__Interrupt50):<code 339> (__DefaultInterrupt)
                  0x00007a          0x4 LONG 0x884 DEFINED (__Interrupt51)?<code 339> (__Interrupt51):<code 339> (__DefaultInterrupt)
                  0x00007c          0x4 LONG 0x884 DEFINED (__Interrupt52)?<code 339> (__Interrupt52):<code 339> (__DefaultInterrupt)
                  0x00007e          0x4 LONG 0x884 DEFINED (__Interrupt53)?<code 339> (__Interrupt53):<code 339> (__DefaultInterrupt)

.aivt             0x000084         0x7c
                  0x000084          0x4 LONG 0x884 DEFINED (__AltReservedTrap0)?<code 339> (__AltReservedTrap0):DEFINED (__ReservedTrap0)?<code 339> (__ReservedTrap0):<code 339> (__DefaultInterrupt)
                  0x000086          0x4 LONG 0x884 DEFINED (__AltOscillatorFail)?<code 339> (__AltOscillatorFail):DEFINED (__OscillatorFail)?<code 339> (__OscillatorFail):<code 339> (__DefaultInterrupt)
                  0x000088          0x4 LONG 0x870 DEFINED (__AltAddressError)?<code 339> (__AltAddressError):DEFINED (__AddressError)?<code 339> (__AddressError):<code 339> (__DefaultInterrupt)
                  0x00008a          0x4 LONG 0x87a DEFINED (__AltStackError)?<code 339> (__AltStackError):DEFINED (__StackError)?<code 339> (__StackError):<code 339> (__DefaultInterrupt)
                  0x00008c          0x4 LONG 0x884 DEFINED (__AltMathError)?<code 339> (__AltMathError):DEFINED (__MathError)?<code 339> (__MathError):<code 339> (__DefaultInterrupt)
                  0x00008e          0x4 LONG 0x884 DEFINED (__AltReservedTrap5)?<code 339> (__AltReservedTrap5):DEFINED (__ReservedTrap5)?<code 339> (__ReservedTrap5):<code 339> (__DefaultInterrupt)
                  0x000090          0x4 LONG 0x884 DEFINED (__AltReservedTrap6)?<code 339> (__AltReservedTrap6):DEFINED (__ReservedTrap6)?<code 339> (__ReservedTrap6):<code 339> (__DefaultInterrupt)
                  0x000092          0x4 LONG 0x884 DEFINED (__AltReservedTrap7)?<code 339> (__AltReservedTrap7):DEFINED (__ReservedTrap7)?<code 339> (__ReservedTrap7):<code 339> (__DefaultInterrupt)
                  0x000094          0x4 LONG 0xe3a DEFINED (__AltINT0Interrupt)?<code 339> (__AltINT0Interrupt):DEFINED (__INT0Interrupt)?<code 339> (__INT0Interrupt):<code 339> (__DefaultInterrupt)
                  0x000096          0x4 LONG 0x1e20 DEFINED (__AltIC1Interrupt)?<code 339> (__AltIC1Interrupt):DEFINED (__IC1Interrupt)?<code 339> (__IC1Interrupt):<code 339> (__DefaultInterrupt)
                  0x000098          0x4 LONG 0x884 DEFINED (__AltOC1Interrupt)?<code 339> (__AltOC1Interrupt):DEFINED (__OC1Interrupt)?<code 339> (__OC1Interrupt):<code 339> (__DefaultInterrupt)
                  0x00009a          0x4 LONG 0x1ccc DEFINED (__AltT1Interrupt)?<code 339> (__AltT1Interrupt):DEFINED (__T1Interrupt)?<code 339> (__T1Interrupt):<code 339> (__DefaultInterrupt)
                  0x00009c          0x4 LONG 0x1ef6 DEFINED (__AltIC2Interrupt)?<code 339> (__AltIC2Interrupt):DEFINED (__IC2Interrupt)?<code 339> (__IC2Interrupt):<code 339> (__DefaultInterrupt)
                  0x00009e          0x4 LONG 0x884 DEFINED (__AltOC2Interrupt)?<code 339> (__AltOC2Interrupt):DEFINED (__OC2Interrupt)?<code 339> (__OC2Interrupt):<code 339> (__DefaultInterrupt)
                  0x0000a0          0x4 LONG 0x884 DEFINED (__AltT2Interrupt)?<code 339> (__AltT2Interrupt):DEFINED (__T2Interrupt)?<code 339> (__T2Interrupt):<code 339> (__DefaultInterrupt)
                  0x0000a2          0x4 LONG 0x1de2 DEFINED (__AltT3Interrupt)?<code 339> (__AltT3Interrupt):DEFINED (__T3Interrupt)?<code 339> (__T3Interrupt):<code 339> (__DefaultInterrupt)
                  0x0000a4          0x4 LONG 0x884 DEFINED (__AltSPI1Interrupt)?<code 339> (__AltSPI1Interrupt):DEFINED (__SPI1Interrupt)?<code 339> (__SPI1Interrupt):<code 339> (__DefaultInterrupt)
                  0x0000a6          0x4 LONG 0x38ea DEFINED (__AltU1RXInterrupt)?<code 339> (__AltU1RXInterrupt):DEFINED (__U1RXInterrupt)?<code 339> (__U1RXInterrupt):<code 339> (__DefaultInterrupt)
                  0x0000a8          0x4 LONG 0x884 DEFINED (__AltU1TXInterrupt)?<code 339> (__AltU1TXInterrupt):DEFINED (__U1TXInterrupt)?<code 339> (__U1TXInterrupt):<code 339> (__DefaultInterrupt)
                  0x0000aa          0x4 LONG 0x884 DEFINED (__AltADCInterrupt)?<code 339> (__AltADCInterrupt):DEFINED (__ADCInterrupt)?<code 339> (__ADCInterrupt):<code 339> (__DefaultInterrupt)
                  0x0000ac          0x4 LONG 0x884 DEFINED (__AltNVMInterrupt)?<code 339> (__AltNVMInterrupt):DEFINED (__NVMInterrupt)?<code 339> (__NVMInterrupt):<code 339> (__DefaultInterrupt)
                  0x0000ae          0x4 LONG 0x884 DEFINED (__AltSI2CInterrupt)?<code 339> (__AltSI2CInterrupt):DEFINED (__SI2CInterrupt)?<code 339> (__SI2CInterrupt):<code 339> (__DefaultInterrupt)
                  0x0000b0          0x4 LONG 0x884 DEFINED (__AltMI2CInterrupt)?<code 339> (__AltMI2CInterrupt):DEFINED (__MI2CInterrupt)?<code 339> (__MI2CInterrupt):<code 339> (__DefaultInterrupt)
                  0x0000b2          0x4 LONG 0x884 DEFINED (__AltCNInterrupt)?<code 339> (__AltCNInterrupt):DEFINED (__CNInterrupt)?<code 339> (__CNInterrupt):<code 339> (__DefaultInterrupt)
                  0x0000b4          0x4 LONG 0x884 DEFINED (__AltINT1Interrupt)?<code 339> (__AltINT1Interrupt):DEFINED (__INT1Interrupt)?<code 339> (__INT1Interrupt):<code 339> (__DefaultInterrupt)
                  0x0000b6          0x4 LONG 0x884 DEFINED (__AltIC7Interrupt)?<code 339> (__AltIC7Interrupt):DEFINED (__IC7Interrupt)?<code 339> (__IC7Interrupt):<code 339> (__DefaultInterrupt)
                  0x0000b8          0x4 LONG 0x884 DEFINED (__AltIC8Interrupt)?<code 339> (__AltIC8Interrupt):DEFINED (__IC8Interrupt)?<code 339> (__IC8Interrupt):<code 339> (__DefaultInterrupt)
                  0x0000ba          0x4 LONG 0x884 DEFINED (__AltOC3Interrupt)?<code 339> (__AltOC3Interrupt):DEFINED (__OC3Interrupt)?<code 339> (__OC3Interrupt):<code 339> (__DefaultInterrupt)
                  0x0000bc          0x4 LONG 0x884 DEFINED (__AltOC4Interrupt)?<code 339> (__AltOC4Interrupt):DEFINED (__OC4Interrupt)?<code 339> (__OC4Interrupt):<code 339> (__DefaultInterrupt)
                  0x0000be          0x4 LONG 0x884 DEFINED (__AltT4Interrupt)?<code 339> (__AltT4Interrupt):DEFINED (__T4Interrupt)?<code 339> (__T4Interrupt):<code 339> (__DefaultInterrupt)
                  0x0000c0          0x4 LONG 0x884 DEFINED (__AltT5Interrupt)?<code 339> (__AltT5Interrupt):DEFINED (__T5Interrupt)?<code 339> (__T5Interrupt):<code 339> (__DefaultInterrupt)
                  0x0000c2          0x4 LONG 0x884 DEFINED (__AltINT2Interrupt)?<code 339> (__AltINT2Interrupt):DEFINED (__INT2Interrupt)?<code 339> (__INT2Interrupt):<code 339> (__DefaultInterrupt)
                  0x0000c4          0x4 LONG 0x884 DEFINED (__AltU2RXInterrupt)?<code 339> (__AltU2RXInterrupt):DEFINED (__U2RXInterrupt)?<code 339> (__U2RXInterrupt):<code 339> (__DefaultInterrupt)
                  0x0000c6          0x4 LONG 0x884 DEFINED (__AltU2TXInterrupt)?<code 339> (__AltU2TXInterrupt):DEFINED (__U2TXInterrupt)?<code 339> (__U2TXInterrupt):<code 339> (__DefaultInterrupt)
                  0x0000c8          0x4 LONG 0x884 DEFINED (__AltSPI2Interrupt)?<code 339> (__AltSPI2Interrupt):DEFINED (__SPI2Interrupt)?<code 339> (__SPI2Interrupt):<code 339> (__DefaultInterrupt)
                  0x0000ca          0x4 LONG 0x884 DEFINED (__AltC1Interrupt)?<code 339> (__AltC1Interrupt):DEFINED (__C1Interrupt)?<code 339> (__C1Interrupt):<code 339> (__DefaultInterrupt)
                  0x0000cc          0x4 LONG 0x884 DEFINED (__AltIC3Interrupt)?<code 339> (__AltIC3Interrupt):DEFINED (__IC3Interrupt)?<code 339> (__IC3Interrupt):<code 339> (__DefaultInterrupt)
                  0x0000ce          0x4 LONG 0x884 DEFINED (__AltIC4Interrupt)?<code 339> (__AltIC4Interrupt):DEFINED (__IC4Interrupt)?<code 339> (__IC4Interrupt):<code 339> (__DefaultInterrupt)
                  0x0000d0          0x4 LONG 0x884 DEFINED (__AltIC5Interrupt)?<code 339> (__AltIC5Interrupt):DEFINED (__IC5Interrupt)?<code 339> (__IC5Interrupt):<code 339> (__DefaultInterrupt)
                  0x0000d2          0x4 LONG 0x884 DEFINED (__AltIC6Interrupt)?<code 339> (__AltIC6Interrupt):DEFINED (__IC6Interrupt)?<code 339> (__IC6Interrupt):<code 339> (__DefaultInterrupt)
                  0x0000d4          0x4 LONG 0x884 DEFINED (__AltOC5Interrupt)?<code 339> (__AltOC5Interrupt):DEFINED (__OC5Interrupt)?<code 339> (__OC5Interrupt):<code 339> (__DefaultInterrupt)
                  0x0000d6          0x4 LONG 0x884 DEFINED (__AltOC6Interrupt)?<code 339> (__AltOC6Interrupt):DEFINED (__OC6Interrupt)?<code 339> (__OC6Interrupt):<code 339> (__DefaultInterrupt)
                  0x0000d8          0x4 LONG 0x884 DEFINED (__AltOC7Interrupt)?<code 339> (__AltOC7Interrupt):DEFINED (__OC7Interrupt)?<code 339> (__OC7Interrupt):<code 339> (__DefaultInterrupt)
                  0x0000da          0x4 LONG 0x884 DEFINED (__AltOC8Interrupt)?<code 339> (__AltOC8Interrupt):DEFINED (__OC8Interrupt)?<code 339> (__OC8Interrupt):<code 339> (__DefaultInterrupt)
                  0x0000dc          0x4 LONG 0x884 DEFINED (__AltINT3Interrupt)?<code 339> (__AltINT3Interrupt):DEFINED (__INT3Interrupt)?<code 339> (__INT3Interrupt):<code 339> (__DefaultInterrupt)
                  0x0000de          0x4 LONG 0x884 DEFINED (__AltINT4Interrupt)?<code 339> (__AltINT4Interrupt):DEFINED (__INT4Interrupt)?<code 339> (__INT4Interrupt):<code 339> (__DefaultInterrupt)
                  0x0000e0          0x4 LONG 0x884 DEFINED (__AltC2Interrupt)?<code 339> (__AltC2Interrupt):DEFINED (__C2Interrupt)?<code 339> (__C2Interrupt):<code 339> (__DefaultInterrupt)
                  0x0000e2          0x4 LONG 0x884 DEFINED (__AltPWMInterrupt)?<code 339> (__AltPWMInterrupt):DEFINED (__PWMInterrupt)?<code 339> (__PWMInterrupt):<code 339> (__DefaultInterrupt)
                  0x0000e4          0x4 LONG 0x884 DEFINED (__AltQEIInterrupt)?<code 339> (__AltQEIInterrupt):DEFINED (__QEIInterrupt)?<code 339> (__QEIInterrupt):<code 339> (__DefaultInterrupt)
                  0x0000e6          0x4 LONG 0x884 DEFINED (__AltDCIInterrupt)?<code 339> (__AltDCIInterrupt):DEFINED (__DCIInterrupt)?<code 339> (__DCIInterrupt):<code 339> (__DefaultInterrupt)
                  0x0000e8          0x4 LONG 0x884 DEFINED (__AltLVDInterrupt)?<code 339> (__AltLVDInterrupt):DEFINED (__LVDInterrupt)?<code 339> (__LVDInterrupt):<code 339> (__DefaultInterrupt)
                  0x0000ea          0x4 LONG 0x884 DEFINED (__AltFLTAInterrupt)?<code 339> (__AltFLTAInterrupt):DEFINED (__FLTAInterrupt)?<code 339> (__FLTAInterrupt):<code 339> (__DefaultInterrupt)
                  0x0000ec          0x4 LONG 0x884 DEFINED (__AltFLTBInterrupt)?<code 339> (__AltFLTBInterrupt):DEFINED (__FLTBInterrupt)?<code 339> (__FLTBInterrupt):<code 339> (__DefaultInterrupt)
                  0x0000ee          0x4 LONG 0x884 DEFINED (__AltInterrupt45)?<code 339> (__AltInterrupt45):DEFINED (__Interrupt45)?<code 339> (__Interrupt45):<code 339> (__DefaultInterrupt)
                  0x0000f0          0x4 LONG 0x884 DEFINED (__AltInterrupt46)?<code 339> (__AltInterrupt46):DEFINED (__Interrupt46)?<code 339> (__Interrupt46):<code 339> (__DefaultInterrupt)
                  0x0000f2          0x4 LONG 0x884 DEFINED (__AltInterrupt47)?<code 339> (__AltInterrupt47):DEFINED (__Interrupt47)?<code 339> (__Interrupt47):<code 339> (__DefaultInterrupt)
                  0x0000f4          0x4 LONG 0x884 DEFINED (__AltInterrupt48)?<code 339> (__AltInterrupt48):DEFINED (__Interrupt48)?<code 339> (__Interrupt48):<code 339> (__DefaultInterrupt)
                  0x0000f6          0x4 LONG 0x884 DEFINED (__AltInterrupt49)?<code 339> (__AltInterrupt49):DEFINED (__Interrupt49)?<code 339> (__Interrupt49):<code 339> (__DefaultInterrupt)
                  0x0000f8          0x4 LONG 0x884 DEFINED (__AltInterrupt50)?<code 339> (__AltInterrupt50):DEFINED (__Interrupt50)?<code 339> (__Interrupt50):<code 339> (__DefaultInterrupt)
                  0x0000fa          0x4 LONG 0x884 DEFINED (__AltInterrupt51)?<code 339> (__AltInterrupt51):DEFINED (__Interrupt51)?<code 339> (__Interrupt51):<code 339> (__DefaultInterrupt)
                  0x0000fc          0x4 LONG 0x884 DEFINED (__AltInterrupt52)?<code 339> (__AltInterrupt52):DEFINED (__Interrupt52)?<code 339> (__Interrupt52):<code 339> (__DefaultInterrupt)
                  0x0000fe          0x4 LONG 0x884 DEFINED (__AltInterrupt53)?<code 339> (__AltInterrupt53):DEFINED (__Interrupt53)?<code 339> (__Interrupt53):<code 339> (__DefaultInterrupt)
                    0x0000                  WREG0 = 0x0
                    0x0000                  _WREG0 = 0x0
                    0x0002                  WREG1 = 0x2
                    0x0002                  _WREG1 = 0x2
                    0x0004                  WREG2 = 0x4
                    0x0004                  _WREG2 = 0x4
                    0x0006                  WREG3 = 0x6
                    0x0006                  _WREG3 = 0x6
                    0x0008                  WREG4 = 0x8
                    0x0008                  _WREG4 = 0x8
                    0x000a                  WREG5 = 0xa
                    0x000a                  _WREG5 = 0xa
                    0x000c                  WREG6 = 0xc
                    0x000c                  _WREG6 = 0xc
                    0x000e                  WREG7 = 0xe
                    0x000e                  _WREG7 = 0xe
                    0x0010                  WREG8 = 0x10
                    0x0010                  _WREG8 = 0x10
                    0x0012                  WREG9 = 0x12
                    0x0012                  _WREG9 = 0x12
                    0x0014                  WREG10 = 0x14
                    0x0014                  _WREG10 = 0x14
                    0x0016                  WREG11 = 0x16
                    0x0016                  _WREG11 = 0x16
                    0x0018                  WREG12 = 0x18
                    0x0018                  _WREG12 = 0x18
                    0x001a                  WREG13 = 0x1a
                    0x001a                  _WREG13 = 0x1a
                    0x001c                  WREG14 = 0x1c
                    0x001c                  _WREG14 = 0x1c
                    0x001e                  WREG15 = 0x1e
                    0x001e                  _WREG15 = 0x1e
                    0x0020                  SPLIM = 0x20
                    0x0020                  _SPLIM = 0x20
                    0x0022                  ACCAL = 0x22
                    0x0022                  _ACCAL = 0x22
                    0x0024                  ACCAH = 0x24
                    0x0024                  _ACCAH = 0x24
                    0x0026                  ACCAU = 0x26
                    0x0026                  _ACCAU = 0x26
                    0x0028                  ACCBL = 0x28
                    0x0028                  _ACCBL = 0x28
                    0x002a                  ACCBH = 0x2a
                    0x002a                  _ACCBH = 0x2a
                    0x002c                  ACCBU = 0x2c
                    0x002c                  _ACCBU = 0x2c
                    0x002e                  PCL = 0x2e
                    0x002e                  _PCL = 0x2e
                    0x0030                  PCH = 0x30
                    0x0030                  _PCH = 0x30
                    0x0032                  TBLPAG = 0x32
                    0x0032                  _TBLPAG = 0x32
                    0x0034                  PSVPAG = 0x34
                    0x0034                  _PSVPAG = 0x34
                    0x0036                  RCOUNT = 0x36
                    0x0036                  _RCOUNT = 0x36
                    0x0038                  DCOUNT = 0x38
                    0x0038                  _DCOUNT = 0x38
                    0x003a                  DOSTARTL = 0x3a
                    0x003a                  _DOSTARTL = 0x3a
                    0x003c                  DOSTARTH = 0x3c
                    0x003c                  _DOSTARTH = 0x3c
                    0x003e                  DOENDL = 0x3e
                    0x003e                  _DOENDL = 0x3e
                    0x0040                  DOENDH = 0x40
                    0x0040                  _DOENDH = 0x40
                    0x0042                  SR = 0x42
                    0x0042                  _SR = 0x42
                    0x0044                  CORCON = 0x44
                    0x0044                  _CORCON = 0x44
                    0x0046                  MODCON = 0x46
                    0x0046                  _MODCON = 0x46
                    0x0048                  XMODSRT = 0x48
                    0x0048                  _XMODSRT = 0x48
                    0x004a                  XMODEND = 0x4a
                    0x004a                  _XMODEND = 0x4a
                    0x004c                  YMODSRT = 0x4c
                    0x004c                  _YMODSRT = 0x4c
                    0x004e                  YMODEND = 0x4e
                    0x004e                  _YMODEND = 0x4e
                    0x0050                  XBREV = 0x50
                    0x0050                  _XBREV = 0x50
                    0x0052                  DISICNT = 0x52
                    0x0052                  _DISICNT = 0x52
                    0x0080                  INTCON1 = 0x80
                    0x0080                  _INTCON1 = 0x80
                    0x0082                  INTCON2 = 0x82
                    0x0082                  _INTCON2 = 0x82
                    0x0084                  IFS0 = 0x84
                    0x0084                  _IFS0 = 0x84
                    0x0086                  IFS1 = 0x86
                    0x0086                  _IFS1 = 0x86
                    0x0088                  IFS2 = 0x88
                    0x0088                  _IFS2 = 0x88
                    0x008c                  IEC0 = 0x8c
                    0x008c                  _IEC0 = 0x8c
                    0x008e                  IEC1 = 0x8e
                    0x008e                  _IEC1 = 0x8e
                    0x0090                  IEC2 = 0x90
                    0x0090                  _IEC2 = 0x90
                    0x0094                  IPC0 = 0x94
                    0x0094                  _IPC0 = 0x94
                    0x0096                  IPC1 = 0x96
                    0x0096                  _IPC1 = 0x96
                    0x0098                  IPC2 = 0x98
                    0x0098                  _IPC2 = 0x98
                    0x009a                  IPC3 = 0x9a
                    0x009a                  _IPC3 = 0x9a
                    0x009c                  IPC4 = 0x9c
                    0x009c                  _IPC4 = 0x9c
                    0x009e                  IPC5 = 0x9e
                    0x009e                  _IPC5 = 0x9e
                    0x00a8                  IPC10 = 0xa8
                    0x00a8                  _IPC10 = 0xa8
                    0x00b0                  INTTREG = 0xb0
                    0x00b0                  _INTTREG = 0xb0
                    0x00c0                  CNEN1 = 0xc0
                    0x00c0                  _CNEN1 = 0xc0
                    0x00c4                  CNPU1 = 0xc4
                    0x00c4                  _CNPU1 = 0xc4
                    0x0100                  TMR1 = 0x100
                    0x0100                  _TMR1 = 0x100
                    0x0102                  PR1 = 0x102
                    0x0102                  _PR1 = 0x102
                    0x0104                  T1CON = 0x104
                    0x0104                  _T1CON = 0x104
                    0x0106                  TMR2 = 0x106
                    0x0106                  _TMR2 = 0x106
                    0x0108                  TMR3HLD = 0x108
                    0x0108                  _TMR3HLD = 0x108
                    0x010a                  TMR3 = 0x10a
                    0x010a                  _TMR3 = 0x10a
                    0x010c                  PR2 = 0x10c
                    0x010c                  _PR2 = 0x10c
                    0x010e                  PR3 = 0x10e
                    0x010e                  _PR3 = 0x10e
                    0x0110                  T2CON = 0x110
                    0x0110                  _T2CON = 0x110
                    0x0112                  T3CON = 0x112
                    0x0112                  _T3CON = 0x112
                    0x0140                  IC1BUF = 0x140
                    0x0140                  _IC1BUF = 0x140
                    0x0142                  IC1CON = 0x142
                    0x0142                  _IC1CON = 0x142
                    0x0144                  IC2BUF = 0x144
                    0x0144                  _IC2BUF = 0x144
                    0x0146                  IC2CON = 0x146
                    0x0146                  _IC2CON = 0x146
                    0x0180                  OC1RS = 0x180
                    0x0180                  _OC1RS = 0x180
                    0x0182                  OC1R = 0x182
                    0x0182                  _OC1R = 0x182
                    0x0184                  OC1CON = 0x184
                    0x0184                  _OC1CON = 0x184
                    0x0186                  OC2RS = 0x186
                    0x0186                  _OC2RS = 0x186
                    0x0188                  OC2R = 0x188
                    0x0188                  _OC2R = 0x188
                    0x018a                  OC2CON = 0x18a
                    0x018a                  _OC2CON = 0x18a
                    0x0200                  I2CRCV = 0x200
                    0x0200                  _I2CRCV = 0x200
                    0x0202                  I2CTRN = 0x202
                    0x0202                  _I2CTRN = 0x202
                    0x0204                  I2CBRG = 0x204
                    0x0204                  _I2CBRG = 0x204
                    0x0206                  I2CCON = 0x206
                    0x0206                  _I2CCON = 0x206
                    0x0208                  I2CSTAT = 0x208
                    0x0208                  _I2CSTAT = 0x208
                    0x020a                  I2CADD = 0x20a
                    0x020a                  _I2CADD = 0x20a
                    0x020c                  U1MODE = 0x20c
                    0x020c                  _U1MODE = 0x20c
                    0x020e                  U1STA = 0x20e
                    0x020e                  _U1STA = 0x20e
                    0x0210                  U1TXREG = 0x210
                    0x0210                  _U1TXREG = 0x210
                    0x0212                  U1RXREG = 0x212
                    0x0212                  _U1RXREG = 0x212
                    0x0214                  U1BRG = 0x214
                    0x0214                  _U1BRG = 0x214
                    0x0220                  SPI1STAT = 0x220
                    0x0220                  _SPI1STAT = 0x220
                    0x0222                  SPI1CON = 0x222
                    0x0222                  _SPI1CON = 0x222
                    0x0224                  SPI1BUF = 0x224
                    0x0224                  _SPI1BUF = 0x224
                    0x0280                  ADCBUF0 = 0x280
                    0x0280                  _ADCBUF0 = 0x280
                    0x0282                  ADCBUF1 = 0x282
                    0x0282                  _ADCBUF1 = 0x282
                    0x0284                  ADCBUF2 = 0x284
                    0x0284                  _ADCBUF2 = 0x284
                    0x0286                  ADCBUF3 = 0x286
                    0x0286                  _ADCBUF3 = 0x286
                    0x0288                  ADCBUF4 = 0x288
                    0x0288                  _ADCBUF4 = 0x288
                    0x028a                  ADCBUF5 = 0x28a
                    0x028a                  _ADCBUF5 = 0x28a
                    0x028c                  ADCBUF6 = 0x28c
                    0x028c                  _ADCBUF6 = 0x28c
                    0x028e                  ADCBUF7 = 0x28e
                    0x028e                  _ADCBUF7 = 0x28e
                    0x0290                  ADCBUF8 = 0x290
                    0x0290                  _ADCBUF8 = 0x290
                    0x0292                  ADCBUF9 = 0x292
                    0x0292                  _ADCBUF9 = 0x292
                    0x0294                  ADCBUFA = 0x294
                    0x0294                  _ADCBUFA = 0x294
                    0x0296                  ADCBUFB = 0x296
                    0x0296                  _ADCBUFB = 0x296
                    0x0298                  ADCBUFC = 0x298
                    0x0298                  _ADCBUFC = 0x298
                    0x029a                  ADCBUFD = 0x29a
                    0x029a                  _ADCBUFD = 0x29a
                    0x029c                  ADCBUFE = 0x29c
                    0x029c                  _ADCBUFE = 0x29c
                    0x029e                  ADCBUFF = 0x29e
                    0x029e                  _ADCBUFF = 0x29e
                    0x02a0                  ADCON1 = 0x2a0
                    0x02a0                  _ADCON1 = 0x2a0
                    0x02a2                  ADCON2 = 0x2a2
                    0x02a2                  _ADCON2 = 0x2a2
                    0x02a4                  ADCON3 = 0x2a4
                    0x02a4                  _ADCON3 = 0x2a4
                    0x02a6                  ADCHS = 0x2a6
                    0x02a6                  _ADCHS = 0x2a6
                    0x02a8                  ADPCFG = 0x2a8
                    0x02a8                  _ADPCFG = 0x2a8
                    0x02aa                  ADCSSL = 0x2aa
                    0x02aa                  _ADCSSL = 0x2aa
                    0x02c6                  TRISB = 0x2c6
                    0x02c6                  _TRISB = 0x2c6
                    0x02c8                  PORTB = 0x2c8
                    0x02c8                  _PORTB = 0x2c8
                    0x02ca                  LATB = 0x2ca
                    0x02ca                  _LATB = 0x2ca
                    0x02cc                  TRISC = 0x2cc
                    0x02cc                  _TRISC = 0x2cc
                    0x02ce                  PORTC = 0x2ce
                    0x02ce                  _PORTC = 0x2ce
                    0x02d0                  LATC = 0x2d0
                    0x02d0                  _LATC = 0x2d0
                    0x02d2                  TRISD = 0x2d2
                    0x02d2                  _TRISD = 0x2d2
                    0x02d4                  PORTD = 0x2d4
                    0x02d4                  _PORTD = 0x2d4
                    0x02d6                  LATD = 0x2d6
                    0x02d6                  _LATD = 0x2d6
                    0x0740                  RCON = 0x740
                    0x0740                  _RCON = 0x740
                    0x0742                  OSCCON = 0x742
                    0x0742                  _OSCCON = 0x742
                    0x0744                  OSCTUN = 0x744
                    0x0744                  _OSCTUN = 0x744
                    0x0742                  OSCCONL = OSCCON
                    0x0742                  _OSCCONL = OSCCON
                    0x0743                  OSCCONH = (OSCCON + 0x1)
                    0x0743                  _OSCCONH = (OSCCON + 0x1)
                    0x0760                  NVMCON = 0x760
                    0x0760                  _NVMCON = 0x760
                    0x0762                  NVMADR = 0x762
                    0x0762                  _NVMADR = 0x762
                    0x0764                  NVMADRU = 0x764
                    0x0764                  _NVMADRU = 0x764
                    0x0766                  NVMKEY = 0x766
                    0x0766                  _NVMKEY = 0x766
                    0x0770                  PMD1 = 0x770
                    0x0770                  _PMD1 = 0x770
                    0x0772                  PMD2 = 0x772
                    0x0772                  _PMD2 = 0x772
                    0x0774                  PMD3 = 0x774
                    0x0774                  _PMD3 = 0x774
                    0x0022                  ACCA = 0x22
                    0x0022                  _ACCA = 0x22
                    0x0028                  ACCB = 0x28
                    0x0028                  _ACCB = 0x28
                    0x0042                  SRbits = 0x42
                    0x0042                  _SRbits = 0x42
                    0x0044                  CORCONbits = 0x44
                    0x0044                  _CORCONbits = 0x44
                    0x0046                  MODCONbits = 0x46
                    0x0046                  _MODCONbits = 0x46
                    0x0050                  XBREVbits = 0x50
                    0x0050                  _XBREVbits = 0x50
                    0x0052                  DISICNTbits = 0x52
                    0x0052                  _DISICNTbits = 0x52
                    0x0080                  INTCON1bits = 0x80
                    0x0080                  _INTCON1bits = 0x80
                    0x0082                  INTCON2bits = 0x82
                    0x0082                  _INTCON2bits = 0x82
                    0x0084                  IFS0bits = 0x84
                    0x0084                  _IFS0bits = 0x84
                    0x0086                  IFS1bits = 0x86
                    0x0086                  _IFS1bits = 0x86
                    0x0088                  IFS2bits = 0x88
                    0x0088                  _IFS2bits = 0x88
                    0x008c                  IEC0bits = 0x8c
                    0x008c                  _IEC0bits = 0x8c
                    0x008e                  IEC1bits = 0x8e
                    0x008e                  _IEC1bits = 0x8e
                    0x0090                  IEC2bits = 0x90
                    0x0090                  _IEC2bits = 0x90
                    0x0094                  IPC0bits = 0x94
                    0x0094                  _IPC0bits = 0x94
                    0x0096                  IPC1bits = 0x96
                    0x0096                  _IPC1bits = 0x96
                    0x0098                  IPC2bits = 0x98
                    0x0098                  _IPC2bits = 0x98
                    0x009a                  IPC3bits = 0x9a
                    0x009a                  _IPC3bits = 0x9a
                    0x009c                  IPC4bits = 0x9c
                    0x009c                  _IPC4bits = 0x9c
                    0x009e                  IPC5bits = 0x9e
                    0x009e                  _IPC5bits = 0x9e
                    0x00a8                  IPC10bits = 0xa8
                    0x00a8                  _IPC10bits = 0xa8
                    0x00b0                  INTTREGbits = 0xb0
                    0x00b0                  _INTTREGbits = 0xb0
                    0x00c0                  CNEN1bits = 0xc0
                    0x00c0                  _CNEN1bits = 0xc0
                    0x00c4                  CNPU1bits = 0xc4
                    0x00c4                  _CNPU1bits = 0xc4
                    0x0104                  T1CONbits = 0x104
                    0x0104                  _T1CONbits = 0x104
                    0x0110                  T2CONbits = 0x110
                    0x0110                  _T2CONbits = 0x110
                    0x0112                  T3CONbits = 0x112
                    0x0112                  _T3CONbits = 0x112
                    0x0142                  IC1CONbits = 0x142
                    0x0142                  _IC1CONbits = 0x142
                    0x0146                  IC2CONbits = 0x146
                    0x0146                  _IC2CONbits = 0x146
                    0x0184                  OC1CONbits = 0x184
                    0x0184                  _OC1CONbits = 0x184
                    0x018a                  OC2CONbits = 0x18a
                    0x018a                  _OC2CONbits = 0x18a
                    0x0200                  I2CRCVbits = 0x200
                    0x0200                  _I2CRCVbits = 0x200
                    0x0202                  I2CTRNbits = 0x202
                    0x0202                  _I2CTRNbits = 0x202
                    0x0204                  I2CBRGbits = 0x204
                    0x0204                  _I2CBRGbits = 0x204
                    0x0206                  I2CCONbits = 0x206
                    0x0206                  _I2CCONbits = 0x206
                    0x0208                  I2CSTATbits = 0x208
                    0x0208                  _I2CSTATbits = 0x208
                    0x020a                  I2CADDbits = 0x20a
                    0x020a                  _I2CADDbits = 0x20a
                    0x020c                  U1MODEbits = 0x20c
                    0x020c                  _U1MODEbits = 0x20c
                    0x020e                  U1STAbits = 0x20e
                    0x020e                  _U1STAbits = 0x20e
                    0x0210                  U1TXREGbits = 0x210
                    0x0210                  _U1TXREGbits = 0x210
                    0x0212                  U1RXREGbits = 0x212
                    0x0212                  _U1RXREGbits = 0x212
                    0x0220                  SPI1STATbits = 0x220
                    0x0220                  _SPI1STATbits = 0x220
                    0x0222                  SPI1CONbits = 0x222
                    0x0222                  _SPI1CONbits = 0x222
                    0x02a0                  ADCON1bits = 0x2a0
                    0x02a0                  _ADCON1bits = 0x2a0
                    0x02a2                  ADCON2bits = 0x2a2
                    0x02a2                  _ADCON2bits = 0x2a2
                    0x02a4                  ADCON3bits = 0x2a4
                    0x02a4                  _ADCON3bits = 0x2a4
                    0x02a6                  ADCHSbits = 0x2a6
                    0x02a6                  _ADCHSbits = 0x2a6
                    0x02a8                  ADPCFGbits = 0x2a8
                    0x02a8                  _ADPCFGbits = 0x2a8
                    0x02aa                  ADCSSLbits = 0x2aa
                    0x02aa                  _ADCSSLbits = 0x2aa
                    0x02c6                  TRISBbits = 0x2c6
                    0x02c6                  _TRISBbits = 0x2c6
                    0x02c8                  PORTBbits = 0x2c8
                    0x02c8                  _PORTBbits = 0x2c8
                    0x02ca                  LATBbits = 0x2ca
                    0x02ca                  _LATBbits = 0x2ca
                    0x02cc                  TRISCbits = 0x2cc
                    0x02cc                  _TRISCbits = 0x2cc
                    0x02ce                  PORTCbits = 0x2ce
                    0x02ce                  _PORTCbits = 0x2ce
                    0x02d0                  LATCbits = 0x2d0
                    0x02d0                  _LATCbits = 0x2d0
                    0x02d2                  TRISDbits = 0x2d2
                    0x02d2                  _TRISDbits = 0x2d2
                    0x02d4                  PORTDbits = 0x2d4
                    0x02d4                  _PORTDbits = 0x2d4
                    0x02d6                  LATDbits = 0x2d6
                    0x02d6                  _LATDbits = 0x2d6
                    0x0740                  RCONbits = 0x740
                    0x0740                  _RCONbits = 0x740
                    0x0742                  OSCCONbits = 0x742
                    0x0742                  _OSCCONbits = 0x742
                    0x0744                  OSCTUNbits = 0x744
                    0x0744                  _OSCTUNbits = 0x744
                    0x0760                  NVMCONbits = 0x760
                    0x0760                  _NVMCONbits = 0x760
                    0x0770                  PMD1bits = 0x770
                    0x0770                  _PMD1bits = 0x770
                    0x0772                  PMD2bits = 0x772
                    0x0772                  _PMD2bits = 0x772
                    0x0774                  PMD3bits = 0x774
                    0x0774                  _PMD3bits = 0x774
                    0x0140                  IC1 = 0x140
                    0x0140                  _IC1 = 0x140
                    0x0144                  IC2 = 0x144
                    0x0144                  _IC2 = 0x144
                    0x0180                  OC1 = 0x180
                    0x0180                  _OC1 = 0x180
                    0x0186                  OC2 = 0x186
                    0x0186                  _OC2 = 0x186
                    0x020c                  UART1 = 0x20c
                    0x020c                  _UART1 = 0x20c
                    0x0220                  SPI1 = 0x220
                    0x0220                  _SPI1 = 0x220
                    0x0001                  __MPLAB_BUILD = 0x1
START GROUP
LOAD c:/mplab/c30/bin/bin/../../lib\libpic30-coff.a
LOAD c:/mplab/c30/bin/bin/../../lib\libm-coff.a
LOAD c:/mplab/c30/bin/bin/../../lib\libc-coff.a
END GROUP
OUTPUT(PHzSensor_10.cof coff-pic30)
LOAD FGS
LOAD data_init

__c30_signature
                  0x000000         0xba
 __c30_signature
                  0x000000          0x6 itoa.o
 __c30_signature
                  0x000006          0x6 main.o
 __c30_signature
                  0x00000c          0x6 RS232.o
 __c30_signature
                  0x000012          0x6 c:/mplab/c30/bin/bin/../../lib\libpic30-coff.a(crt0_standard.o)
 __c30_signature
                  0x000018          0x6 c:/mplab/c30/bin/bin/../../lib\libpic30-coff.a(memcpy_helper.o)
 __c30_signature
                  0x00001e          0x6 c:/mplab/c30/bin/bin/../../lib\libpic30-coff.a(eedata_helper.o)
 __c30_signature
                  0x000024          0x6 c:/mplab/c30/bin/bin/../../lib\libpic30-coff.a(data_init_standard.o)
 __c30_signature
                  0x00002a          0x6 c:/mplab/c30/bin/bin/../../lib\libm-coff.a(modsi3.o)
 __c30_signature
                  0x000030          0x6 c:/mplab/c30/bin/bin/../../lib\libm-coff.a(divsi3.o)
 __c30_signature
                  0x000036          0x6 c:/mplab/c30/bin/bin/../../lib\libm-coff.a(floatsisf.o)
 __c30_signature
                  0x00003c          0x6 c:/mplab/c30/bin/bin/../../lib\libm-coff.a(addsf3.o)
 __c30_signature
                  0x000042          0x6 c:/mplab/c30/bin/bin/../../lib\libm-coff.a(mulsf3.o)
 __c30_signature
                  0x000048          0x6 c:/mplab/c30/bin/bin/../../lib\libm-coff.a(divsf3.o)
 __c30_signature
                  0x00004e          0x6 c:/mplab/c30/bin/bin/../../lib\libm-coff.a(fixsfsi.o)
 __c30_signature
                  0x000054          0x6 c:/mplab/c30/bin/bin/../../lib\libm-coff.a(sinf.o)
 __c30_signature
                  0x00005a          0x6 c:/mplab/c30/bin/bin/../../lib\libm-coff.a(fgtge.o)
 __c30_signature
                  0x000060          0x6 c:/mplab/c30/bin/bin/../../lib\libm-coff.a(feqltle.o)
 __c30_signature
                  0x000066          0x6 c:/mplab/c30/bin/bin/../../lib\libm-coff.a(umodsi3.o)
 __c30_signature
                  0x00006c          0x6 c:/mplab/c30/bin/bin/../../lib\libm-coff.a(udivsi3.o)
 __c30_signature
                  0x000072          0x6 c:/mplab/c30/bin/bin/../../lib\libm-coff.a(fpack.o)
 __c30_signature
                  0x000078          0x6 c:/mplab/c30/bin/bin/../../lib\libm-coff.a(funpack2.o)
 __c30_signature
                  0x00007e          0x6 c:/mplab/c30/bin/bin/../../lib\libm-coff.a(futil.o)
 __c30_signature
                  0x000084          0x6 c:/mplab/c30/bin/bin/../../lib\libm-coff.a(funpack.o)
 __c30_signature
                  0x00008a          0x6 c:/mplab/c30/bin/bin/../../lib\libm-coff.a(sincosf.o)
 __c30_signature
                  0x000090          0x6 c:/mplab/c30/bin/bin/../../lib\libm-coff.a(fcompare.o)
 __c30_signature
                  0x000096          0x6 c:/mplab/c30/bin/bin/../../lib\libm-coff.a(errno.o)
 __c30_signature
                  0x00009c          0x6 c:/mplab/c30/bin/bin/../../lib\libm-coff.a(fmodf.o)
 __c30_signature
                  0x0000a2          0x6 c:/mplab/c30/bin/bin/../../lib\libm-coff.a(fmodrem.o)
 __c30_signature
                  0x0000a8          0x6 c:/mplab/c30/bin/bin/../../lib\libc-coff.a(memset.o)
 __c30_signature
                  0x0000ae          0x6 c:/mplab/c30/bin/bin/../../lib\libc-coff.a(strcat.o)
 __c30_signature
                  0x0000b4          0x6 c:/mplab/c30/bin/bin/../../lib\libc-coff.a(strlen.o)

.nbss               0x0800         0xa4
 .nbss              0x0800         0xa4 main.o
                    0x0800                  ACfg0
                    0x0820                  ACfg1
                    0x0840                  PmuCfg2
                    0x0860                  PHzCfg3
                    0x0880                  E
                    0x0888                  T
                    0x0890                  M
                    0x0894                  IC2Data
                    0x089c                  IC1Data

.ndata              0x08a4         0x3a
 .ndata             0x08a4         0x3a main.o
                    0x08a4                  SENSOR_VER
                    0x08a6                  SERIAL_NBR
                    0x08a8                  Prog_Mode
                    0x08a9                  Prog_PrevMode
                    0x08aa                  Diag_PrevMode
                    0x08ac                  Data_Eol
                    0x08ae                  Field_Delimit
                    0x08b0                  T1Overflow
                    0x08b2                  T2Overflow
                    0x08b4                  T3Overflow
                    0x08b6                  Msg_Id
                    0x08ba                  PmuSoc
                    0x08be                  PmuFracSec
                    0x08c2                  IC2Count
                    0x08c4                  IC1Count
                    0x08c6                  Frequency
                    0x08ca                  Magnitude
                    0x08ce                  PhaseAng
                    0x08d2                  Crc16
                    0x08d4                  IFrameSz
                    0x08d6                  IDCode
                    0x08d8                  ICmd
                    0x08da                  IExtFrame
                    0x08dc                  icidx

.nbss               0x08de         0x18
 .nbss              0x08de         0x18 RS232.o
                    0x08de                  R1xIndex
                    0x08e0                  R1xData
                    0x08ea                  R2xIndex
                    0x08ec                  R2xData

.ndata              0x08f6          0x8
 .ndata             0x08f6          0x8 RS232.o
                    0x08f6                  R1xRdy
                    0x08f8                  R1xByte
                    0x08fa                  R2xRdy
                    0x08fc                  R2xByte

.nbss               0x08fe          0x2
 .nbss              0x08fe          0x2 c:/mplab/c30/bin/bin/../../lib\libm-coff.a(errno.o)
                    0x08fe                  errno

.const              0x874e        0x122 load address 0x00074e  
 .const             0x874e        0x110 main.o
 .const             0x885e         0x12 itoa.o

.text             0x000870       0x32e2
 .text            0x000870       0x307a main.o
                  0x000870                  _AddressError
                  0x00087a                  _StackError
                  0x000884                  _DefaultInterrupt
                  0x00088a                  EGet_Config
                  0x000ce4                  ESave_Config
                  0x000de2                  IO_Init
                  0x000e1e                  INTx_Init
                  0x000e3a                  _INT0Interrupt
                  0x000f10                  Timer_Init
                  0x0012aa                  InCap_Init
                  0x00133a                  Send_PHzData
                  0x0016ca                  Send_PmuData
                  0x001ccc                  _T1Interrupt
                  0x001de2                  _T3Interrupt
                  0x001e20                  _IC1Interrupt
                  0x001ef6                  _IC2Interrupt
                  0x001fd4                  UART1_Init
                  0x002018                  Wait4Me
                  0x002030                  main
                  0x0020de                  Prog_Reset
                  0x002110                  Full_Stop
                  0x002128                  U1TX_Eol
                  0x002150                  Calc_CRC
                  0x0021b4                  Tx_PmuHeader
                  0x0024aa                  Tx_PmuCfg
                  0x0029ac                  Tx_Ping
                  0x002a06                  Tx_Config
                  0x002b8e                  Rx_Config
                  0x002c80                  Set_DiagMode
                  0x002f9a                  URX1_Proc
                  0x003650                  Proc_Ctrl
 .text            0x0038ea        0x1cc RS232.o
                  0x0038ea                  _U1RXInterrupt
                  0x003910                  BusyUART1
                  0x00391e                  CloseUART1
                  0x003930                  ConfigIntUART1
                  0x00399a                  DataRdyUART1
                  0x0039a6                  GetsUART1
                  0x003a0e                  OpenUART1
                  0x003a26                  PutsUART1
                  0x003a74                  ReadUART1
                  0x003a92                  WriteUART1
 .text            0x003ab6         0x9c itoa.o
                  0x003ab6                  itoa

.dinit            0x003b52         0x4e
 .dinit           0x003b52         0x4e data_init

_01bfd7004d77fbd8
                    0xfc00        0x400 load address 0x7ffc00  
 _01bfd7004d77fbd8
                    0xfc00        0x400 main.o
                    0xfc00                  EE_DataAry
